ARM GAS  C:\Users\24705\AppData\Local\Temp\ccFjiRSb.s 			page 1


   1              		.cpu cortex-m0
   2              		.arch armv6s-m
   3              		.fpu softvfp
   4              		.eabi_attribute 20, 1
   5              		.eabi_attribute 21, 1
   6              		.eabi_attribute 23, 3
   7              		.eabi_attribute 24, 1
   8              		.eabi_attribute 25, 1
   9              		.eabi_attribute 26, 1
  10              		.eabi_attribute 30, 1
  11              		.eabi_attribute 34, 0
  12              		.eabi_attribute 18, 4
  13              		.file	"thermal.c"
  14              		.text
  15              	.Ltext0:
  16              		.cfi_sections	.debug_frame
  17              		.file 1 "Core/Src/thermal.c"
  18              		.section	.text.Thermal_Init,"ax",%progbits
  19              		.align	1
  20              		.global	Thermal_Init
  21              		.syntax unified
  22              		.code	16
  23              		.thumb_func
  25              	Thermal_Init:
  26              	.LVL0:
  27              	.LFB40:
   1:Core/Src/thermal.c **** #include "thermal.h"
   2:Core/Src/thermal.c **** #include "stm32f0xx_hal.h"
   3:Core/Src/thermal.c **** 
   4:Core/Src/thermal.c **** static volatile uint8_t thermal_heat;
   5:Core/Src/thermal.c **** static volatile uint32_t thermal_cool_tick;
   6:Core/Src/thermal.c **** static volatile uint32_t thermal_overheat_led_until;
   7:Core/Src/thermal.c **** 
   8:Core/Src/thermal.c **** void Thermal_Init(uint32_t now_ms)
   9:Core/Src/thermal.c **** {
  28              		.loc 1 9 1 view -0
  29              		.cfi_startproc
  30              		@ args = 0, pretend = 0, frame = 0
  31              		@ frame_needed = 0, uses_anonymous_args = 0
  32              		@ link register save eliminated.
  10:Core/Src/thermal.c ****     thermal_heat = 0U;
  33              		.loc 1 10 5 view .LVU1
  34              		.loc 1 10 18 is_stmt 0 view .LVU2
  35 0000 034B     		ldr	r3, .L2
  36 0002 0022     		movs	r2, #0
  37 0004 1A70     		strb	r2, [r3]
  11:Core/Src/thermal.c ****     thermal_cool_tick = now_ms;
  38              		.loc 1 11 5 is_stmt 1 view .LVU3
  39              		.loc 1 11 23 is_stmt 0 view .LVU4
  40 0006 034B     		ldr	r3, .L2+4
  41 0008 1860     		str	r0, [r3]
  12:Core/Src/thermal.c ****     thermal_overheat_led_until = 0U;
  42              		.loc 1 12 5 is_stmt 1 view .LVU5
  43              		.loc 1 12 32 is_stmt 0 view .LVU6
  44 000a 034B     		ldr	r3, .L2+8
  45 000c 1A60     		str	r2, [r3]
  13:Core/Src/thermal.c **** }
ARM GAS  C:\Users\24705\AppData\Local\Temp\ccFjiRSb.s 			page 2


  46              		.loc 1 13 1 view .LVU7
  47              		@ sp needed
  48 000e 7047     		bx	lr
  49              	.L3:
  50              		.align	2
  51              	.L2:
  52 0010 00000000 		.word	thermal_heat
  53 0014 00000000 		.word	thermal_cool_tick
  54 0018 00000000 		.word	thermal_overheat_led_until
  55              		.cfi_endproc
  56              	.LFE40:
  58              		.section	.text.Thermal_Update,"ax",%progbits
  59              		.align	1
  60              		.global	Thermal_Update
  61              		.syntax unified
  62              		.code	16
  63              		.thumb_func
  65              	Thermal_Update:
  66              	.LVL1:
  67              	.LFB41:
  14:Core/Src/thermal.c **** 
  15:Core/Src/thermal.c **** void Thermal_Update(uint32_t now_ms)
  16:Core/Src/thermal.c **** {
  68              		.loc 1 16 1 is_stmt 1 view -0
  69              		.cfi_startproc
  70              		@ args = 0, pretend = 0, frame = 0
  71              		@ frame_needed = 0, uses_anonymous_args = 0
  72              		.loc 1 16 1 is_stmt 0 view .LVU9
  73 0000 10B5     		push	{r4, lr}
  74              	.LCFI0:
  75              		.cfi_def_cfa_offset 8
  76              		.cfi_offset 4, -8
  77              		.cfi_offset 14, -4
  17:Core/Src/thermal.c ****     uint32_t primask = __get_PRIMASK();
  78              		.loc 1 17 5 is_stmt 1 view .LVU10
  79              	.LBB23:
  80              	.LBI23:
  81              		.file 2 "Drivers/CMSIS/Include/cmsis_gcc.h"
   1:Drivers/CMSIS/Include/cmsis_gcc.h **** /**************************************************************************//**
   2:Drivers/CMSIS/Include/cmsis_gcc.h ****  * @file     cmsis_gcc.h
   3:Drivers/CMSIS/Include/cmsis_gcc.h ****  * @brief    CMSIS compiler GCC header file
   4:Drivers/CMSIS/Include/cmsis_gcc.h ****  * @version  V5.0.4
   5:Drivers/CMSIS/Include/cmsis_gcc.h ****  * @date     09. April 2018
   6:Drivers/CMSIS/Include/cmsis_gcc.h ****  ******************************************************************************/
   7:Drivers/CMSIS/Include/cmsis_gcc.h **** /*
   8:Drivers/CMSIS/Include/cmsis_gcc.h ****  * Copyright (c) 2009-2018 Arm Limited. All rights reserved.
   9:Drivers/CMSIS/Include/cmsis_gcc.h ****  *
  10:Drivers/CMSIS/Include/cmsis_gcc.h ****  * SPDX-License-Identifier: Apache-2.0
  11:Drivers/CMSIS/Include/cmsis_gcc.h ****  *
  12:Drivers/CMSIS/Include/cmsis_gcc.h ****  * Licensed under the Apache License, Version 2.0 (the License); you may
  13:Drivers/CMSIS/Include/cmsis_gcc.h ****  * not use this file except in compliance with the License.
  14:Drivers/CMSIS/Include/cmsis_gcc.h ****  * You may obtain a copy of the License at
  15:Drivers/CMSIS/Include/cmsis_gcc.h ****  *
  16:Drivers/CMSIS/Include/cmsis_gcc.h ****  * www.apache.org/licenses/LICENSE-2.0
  17:Drivers/CMSIS/Include/cmsis_gcc.h ****  *
  18:Drivers/CMSIS/Include/cmsis_gcc.h ****  * Unless required by applicable law or agreed to in writing, software
  19:Drivers/CMSIS/Include/cmsis_gcc.h ****  * distributed under the License is distributed on an AS IS BASIS, WITHOUT
ARM GAS  C:\Users\24705\AppData\Local\Temp\ccFjiRSb.s 			page 3


  20:Drivers/CMSIS/Include/cmsis_gcc.h ****  * WARRANTIES OR CONDITIONS OF ANY KIND, either express or implied.
  21:Drivers/CMSIS/Include/cmsis_gcc.h ****  * See the License for the specific language governing permissions and
  22:Drivers/CMSIS/Include/cmsis_gcc.h ****  * limitations under the License.
  23:Drivers/CMSIS/Include/cmsis_gcc.h ****  */
  24:Drivers/CMSIS/Include/cmsis_gcc.h **** 
  25:Drivers/CMSIS/Include/cmsis_gcc.h **** #ifndef __CMSIS_GCC_H
  26:Drivers/CMSIS/Include/cmsis_gcc.h **** #define __CMSIS_GCC_H
  27:Drivers/CMSIS/Include/cmsis_gcc.h **** 
  28:Drivers/CMSIS/Include/cmsis_gcc.h **** /* ignore some GCC warnings */
  29:Drivers/CMSIS/Include/cmsis_gcc.h **** #pragma GCC diagnostic push
  30:Drivers/CMSIS/Include/cmsis_gcc.h **** #pragma GCC diagnostic ignored "-Wsign-conversion"
  31:Drivers/CMSIS/Include/cmsis_gcc.h **** #pragma GCC diagnostic ignored "-Wconversion"
  32:Drivers/CMSIS/Include/cmsis_gcc.h **** #pragma GCC diagnostic ignored "-Wunused-parameter"
  33:Drivers/CMSIS/Include/cmsis_gcc.h **** 
  34:Drivers/CMSIS/Include/cmsis_gcc.h **** /* Fallback for __has_builtin */
  35:Drivers/CMSIS/Include/cmsis_gcc.h **** #ifndef __has_builtin
  36:Drivers/CMSIS/Include/cmsis_gcc.h ****   #define __has_builtin(x) (0)
  37:Drivers/CMSIS/Include/cmsis_gcc.h **** #endif
  38:Drivers/CMSIS/Include/cmsis_gcc.h **** 
  39:Drivers/CMSIS/Include/cmsis_gcc.h **** /* CMSIS compiler specific defines */
  40:Drivers/CMSIS/Include/cmsis_gcc.h **** #ifndef   __ASM
  41:Drivers/CMSIS/Include/cmsis_gcc.h ****   #define __ASM                                  __asm
  42:Drivers/CMSIS/Include/cmsis_gcc.h **** #endif
  43:Drivers/CMSIS/Include/cmsis_gcc.h **** #ifndef   __INLINE
  44:Drivers/CMSIS/Include/cmsis_gcc.h ****   #define __INLINE                               inline
  45:Drivers/CMSIS/Include/cmsis_gcc.h **** #endif
  46:Drivers/CMSIS/Include/cmsis_gcc.h **** #ifndef   __STATIC_INLINE
  47:Drivers/CMSIS/Include/cmsis_gcc.h ****   #define __STATIC_INLINE                        static inline
  48:Drivers/CMSIS/Include/cmsis_gcc.h **** #endif
  49:Drivers/CMSIS/Include/cmsis_gcc.h **** #ifndef   __STATIC_FORCEINLINE                 
  50:Drivers/CMSIS/Include/cmsis_gcc.h ****   #define __STATIC_FORCEINLINE                   __attribute__((always_inline)) static inline
  51:Drivers/CMSIS/Include/cmsis_gcc.h **** #endif                                           
  52:Drivers/CMSIS/Include/cmsis_gcc.h **** #ifndef   __NO_RETURN
  53:Drivers/CMSIS/Include/cmsis_gcc.h ****   #define __NO_RETURN                            __attribute__((__noreturn__))
  54:Drivers/CMSIS/Include/cmsis_gcc.h **** #endif
  55:Drivers/CMSIS/Include/cmsis_gcc.h **** #ifndef   __USED
  56:Drivers/CMSIS/Include/cmsis_gcc.h ****   #define __USED                                 __attribute__((used))
  57:Drivers/CMSIS/Include/cmsis_gcc.h **** #endif
  58:Drivers/CMSIS/Include/cmsis_gcc.h **** #ifndef   __WEAK
  59:Drivers/CMSIS/Include/cmsis_gcc.h ****   #define __WEAK                                 __attribute__((weak))
  60:Drivers/CMSIS/Include/cmsis_gcc.h **** #endif
  61:Drivers/CMSIS/Include/cmsis_gcc.h **** #ifndef   __PACKED
  62:Drivers/CMSIS/Include/cmsis_gcc.h ****   #define __PACKED                               __attribute__((packed, aligned(1)))
  63:Drivers/CMSIS/Include/cmsis_gcc.h **** #endif
  64:Drivers/CMSIS/Include/cmsis_gcc.h **** #ifndef   __PACKED_STRUCT
  65:Drivers/CMSIS/Include/cmsis_gcc.h ****   #define __PACKED_STRUCT                        struct __attribute__((packed, aligned(1)))
  66:Drivers/CMSIS/Include/cmsis_gcc.h **** #endif
  67:Drivers/CMSIS/Include/cmsis_gcc.h **** #ifndef   __PACKED_UNION
  68:Drivers/CMSIS/Include/cmsis_gcc.h ****   #define __PACKED_UNION                         union __attribute__((packed, aligned(1)))
  69:Drivers/CMSIS/Include/cmsis_gcc.h **** #endif
  70:Drivers/CMSIS/Include/cmsis_gcc.h **** #ifndef   __UNALIGNED_UINT32        /* deprecated */
  71:Drivers/CMSIS/Include/cmsis_gcc.h ****   #pragma GCC diagnostic push
  72:Drivers/CMSIS/Include/cmsis_gcc.h ****   #pragma GCC diagnostic ignored "-Wpacked"
  73:Drivers/CMSIS/Include/cmsis_gcc.h ****   #pragma GCC diagnostic ignored "-Wattributes"
  74:Drivers/CMSIS/Include/cmsis_gcc.h ****   struct __attribute__((packed)) T_UINT32 { uint32_t v; };
  75:Drivers/CMSIS/Include/cmsis_gcc.h ****   #pragma GCC diagnostic pop
  76:Drivers/CMSIS/Include/cmsis_gcc.h ****   #define __UNALIGNED_UINT32(x)                  (((struct T_UINT32 *)(x))->v)
ARM GAS  C:\Users\24705\AppData\Local\Temp\ccFjiRSb.s 			page 4


  77:Drivers/CMSIS/Include/cmsis_gcc.h **** #endif
  78:Drivers/CMSIS/Include/cmsis_gcc.h **** #ifndef   __UNALIGNED_UINT16_WRITE
  79:Drivers/CMSIS/Include/cmsis_gcc.h ****   #pragma GCC diagnostic push
  80:Drivers/CMSIS/Include/cmsis_gcc.h ****   #pragma GCC diagnostic ignored "-Wpacked"
  81:Drivers/CMSIS/Include/cmsis_gcc.h ****   #pragma GCC diagnostic ignored "-Wattributes"
  82:Drivers/CMSIS/Include/cmsis_gcc.h ****   __PACKED_STRUCT T_UINT16_WRITE { uint16_t v; };
  83:Drivers/CMSIS/Include/cmsis_gcc.h ****   #pragma GCC diagnostic pop
  84:Drivers/CMSIS/Include/cmsis_gcc.h ****   #define __UNALIGNED_UINT16_WRITE(addr, val)    (void)((((struct T_UINT16_WRITE *)(void *)(addr))-
  85:Drivers/CMSIS/Include/cmsis_gcc.h **** #endif
  86:Drivers/CMSIS/Include/cmsis_gcc.h **** #ifndef   __UNALIGNED_UINT16_READ
  87:Drivers/CMSIS/Include/cmsis_gcc.h ****   #pragma GCC diagnostic push
  88:Drivers/CMSIS/Include/cmsis_gcc.h ****   #pragma GCC diagnostic ignored "-Wpacked"
  89:Drivers/CMSIS/Include/cmsis_gcc.h ****   #pragma GCC diagnostic ignored "-Wattributes"
  90:Drivers/CMSIS/Include/cmsis_gcc.h ****   __PACKED_STRUCT T_UINT16_READ { uint16_t v; };
  91:Drivers/CMSIS/Include/cmsis_gcc.h ****   #pragma GCC diagnostic pop
  92:Drivers/CMSIS/Include/cmsis_gcc.h ****   #define __UNALIGNED_UINT16_READ(addr)          (((const struct T_UINT16_READ *)(const void *)(add
  93:Drivers/CMSIS/Include/cmsis_gcc.h **** #endif
  94:Drivers/CMSIS/Include/cmsis_gcc.h **** #ifndef   __UNALIGNED_UINT32_WRITE
  95:Drivers/CMSIS/Include/cmsis_gcc.h ****   #pragma GCC diagnostic push
  96:Drivers/CMSIS/Include/cmsis_gcc.h ****   #pragma GCC diagnostic ignored "-Wpacked"
  97:Drivers/CMSIS/Include/cmsis_gcc.h ****   #pragma GCC diagnostic ignored "-Wattributes"
  98:Drivers/CMSIS/Include/cmsis_gcc.h ****   __PACKED_STRUCT T_UINT32_WRITE { uint32_t v; };
  99:Drivers/CMSIS/Include/cmsis_gcc.h ****   #pragma GCC diagnostic pop
 100:Drivers/CMSIS/Include/cmsis_gcc.h ****   #define __UNALIGNED_UINT32_WRITE(addr, val)    (void)((((struct T_UINT32_WRITE *)(void *)(addr))-
 101:Drivers/CMSIS/Include/cmsis_gcc.h **** #endif
 102:Drivers/CMSIS/Include/cmsis_gcc.h **** #ifndef   __UNALIGNED_UINT32_READ
 103:Drivers/CMSIS/Include/cmsis_gcc.h ****   #pragma GCC diagnostic push
 104:Drivers/CMSIS/Include/cmsis_gcc.h ****   #pragma GCC diagnostic ignored "-Wpacked"
 105:Drivers/CMSIS/Include/cmsis_gcc.h ****   #pragma GCC diagnostic ignored "-Wattributes"
 106:Drivers/CMSIS/Include/cmsis_gcc.h ****   __PACKED_STRUCT T_UINT32_READ { uint32_t v; };
 107:Drivers/CMSIS/Include/cmsis_gcc.h ****   #pragma GCC diagnostic pop
 108:Drivers/CMSIS/Include/cmsis_gcc.h ****   #define __UNALIGNED_UINT32_READ(addr)          (((const struct T_UINT32_READ *)(const void *)(add
 109:Drivers/CMSIS/Include/cmsis_gcc.h **** #endif
 110:Drivers/CMSIS/Include/cmsis_gcc.h **** #ifndef   __ALIGNED
 111:Drivers/CMSIS/Include/cmsis_gcc.h ****   #define __ALIGNED(x)                           __attribute__((aligned(x)))
 112:Drivers/CMSIS/Include/cmsis_gcc.h **** #endif
 113:Drivers/CMSIS/Include/cmsis_gcc.h **** #ifndef   __RESTRICT
 114:Drivers/CMSIS/Include/cmsis_gcc.h ****   #define __RESTRICT                             __restrict
 115:Drivers/CMSIS/Include/cmsis_gcc.h **** #endif
 116:Drivers/CMSIS/Include/cmsis_gcc.h **** 
 117:Drivers/CMSIS/Include/cmsis_gcc.h **** 
 118:Drivers/CMSIS/Include/cmsis_gcc.h **** /* ###########################  Core Function Access  ########################### */
 119:Drivers/CMSIS/Include/cmsis_gcc.h **** /** \ingroup  CMSIS_Core_FunctionInterface
 120:Drivers/CMSIS/Include/cmsis_gcc.h ****     \defgroup CMSIS_Core_RegAccFunctions CMSIS Core Register Access Functions
 121:Drivers/CMSIS/Include/cmsis_gcc.h ****   @{
 122:Drivers/CMSIS/Include/cmsis_gcc.h ****  */
 123:Drivers/CMSIS/Include/cmsis_gcc.h **** 
 124:Drivers/CMSIS/Include/cmsis_gcc.h **** /**
 125:Drivers/CMSIS/Include/cmsis_gcc.h ****   \brief   Enable IRQ Interrupts
 126:Drivers/CMSIS/Include/cmsis_gcc.h ****   \details Enables IRQ interrupts by clearing the I-bit in the CPSR.
 127:Drivers/CMSIS/Include/cmsis_gcc.h ****            Can only be executed in Privileged modes.
 128:Drivers/CMSIS/Include/cmsis_gcc.h ****  */
 129:Drivers/CMSIS/Include/cmsis_gcc.h **** __STATIC_FORCEINLINE void __enable_irq(void)
 130:Drivers/CMSIS/Include/cmsis_gcc.h **** {
 131:Drivers/CMSIS/Include/cmsis_gcc.h ****   __ASM volatile ("cpsie i" : : : "memory");
 132:Drivers/CMSIS/Include/cmsis_gcc.h **** }
 133:Drivers/CMSIS/Include/cmsis_gcc.h **** 
ARM GAS  C:\Users\24705\AppData\Local\Temp\ccFjiRSb.s 			page 5


 134:Drivers/CMSIS/Include/cmsis_gcc.h **** 
 135:Drivers/CMSIS/Include/cmsis_gcc.h **** /**
 136:Drivers/CMSIS/Include/cmsis_gcc.h ****   \brief   Disable IRQ Interrupts
 137:Drivers/CMSIS/Include/cmsis_gcc.h ****   \details Disables IRQ interrupts by setting the I-bit in the CPSR.
 138:Drivers/CMSIS/Include/cmsis_gcc.h ****            Can only be executed in Privileged modes.
 139:Drivers/CMSIS/Include/cmsis_gcc.h ****  */
 140:Drivers/CMSIS/Include/cmsis_gcc.h **** __STATIC_FORCEINLINE void __disable_irq(void)
 141:Drivers/CMSIS/Include/cmsis_gcc.h **** {
 142:Drivers/CMSIS/Include/cmsis_gcc.h ****   __ASM volatile ("cpsid i" : : : "memory");
 143:Drivers/CMSIS/Include/cmsis_gcc.h **** }
 144:Drivers/CMSIS/Include/cmsis_gcc.h **** 
 145:Drivers/CMSIS/Include/cmsis_gcc.h **** 
 146:Drivers/CMSIS/Include/cmsis_gcc.h **** /**
 147:Drivers/CMSIS/Include/cmsis_gcc.h ****   \brief   Get Control Register
 148:Drivers/CMSIS/Include/cmsis_gcc.h ****   \details Returns the content of the Control Register.
 149:Drivers/CMSIS/Include/cmsis_gcc.h ****   \return               Control Register value
 150:Drivers/CMSIS/Include/cmsis_gcc.h ****  */
 151:Drivers/CMSIS/Include/cmsis_gcc.h **** __STATIC_FORCEINLINE uint32_t __get_CONTROL(void)
 152:Drivers/CMSIS/Include/cmsis_gcc.h **** {
 153:Drivers/CMSIS/Include/cmsis_gcc.h ****   uint32_t result;
 154:Drivers/CMSIS/Include/cmsis_gcc.h **** 
 155:Drivers/CMSIS/Include/cmsis_gcc.h ****   __ASM volatile ("MRS %0, control" : "=r" (result) );
 156:Drivers/CMSIS/Include/cmsis_gcc.h ****   return(result);
 157:Drivers/CMSIS/Include/cmsis_gcc.h **** }
 158:Drivers/CMSIS/Include/cmsis_gcc.h **** 
 159:Drivers/CMSIS/Include/cmsis_gcc.h **** 
 160:Drivers/CMSIS/Include/cmsis_gcc.h **** #if (defined (__ARM_FEATURE_CMSE ) && (__ARM_FEATURE_CMSE == 3))
 161:Drivers/CMSIS/Include/cmsis_gcc.h **** /**
 162:Drivers/CMSIS/Include/cmsis_gcc.h ****   \brief   Get Control Register (non-secure)
 163:Drivers/CMSIS/Include/cmsis_gcc.h ****   \details Returns the content of the non-secure Control Register when in secure mode.
 164:Drivers/CMSIS/Include/cmsis_gcc.h ****   \return               non-secure Control Register value
 165:Drivers/CMSIS/Include/cmsis_gcc.h ****  */
 166:Drivers/CMSIS/Include/cmsis_gcc.h **** __STATIC_FORCEINLINE uint32_t __TZ_get_CONTROL_NS(void)
 167:Drivers/CMSIS/Include/cmsis_gcc.h **** {
 168:Drivers/CMSIS/Include/cmsis_gcc.h ****   uint32_t result;
 169:Drivers/CMSIS/Include/cmsis_gcc.h **** 
 170:Drivers/CMSIS/Include/cmsis_gcc.h ****   __ASM volatile ("MRS %0, control_ns" : "=r" (result) );
 171:Drivers/CMSIS/Include/cmsis_gcc.h ****   return(result);
 172:Drivers/CMSIS/Include/cmsis_gcc.h **** }
 173:Drivers/CMSIS/Include/cmsis_gcc.h **** #endif
 174:Drivers/CMSIS/Include/cmsis_gcc.h **** 
 175:Drivers/CMSIS/Include/cmsis_gcc.h **** 
 176:Drivers/CMSIS/Include/cmsis_gcc.h **** /**
 177:Drivers/CMSIS/Include/cmsis_gcc.h ****   \brief   Set Control Register
 178:Drivers/CMSIS/Include/cmsis_gcc.h ****   \details Writes the given value to the Control Register.
 179:Drivers/CMSIS/Include/cmsis_gcc.h ****   \param [in]    control  Control Register value to set
 180:Drivers/CMSIS/Include/cmsis_gcc.h ****  */
 181:Drivers/CMSIS/Include/cmsis_gcc.h **** __STATIC_FORCEINLINE void __set_CONTROL(uint32_t control)
 182:Drivers/CMSIS/Include/cmsis_gcc.h **** {
 183:Drivers/CMSIS/Include/cmsis_gcc.h ****   __ASM volatile ("MSR control, %0" : : "r" (control) : "memory");
 184:Drivers/CMSIS/Include/cmsis_gcc.h **** }
 185:Drivers/CMSIS/Include/cmsis_gcc.h **** 
 186:Drivers/CMSIS/Include/cmsis_gcc.h **** 
 187:Drivers/CMSIS/Include/cmsis_gcc.h **** #if (defined (__ARM_FEATURE_CMSE ) && (__ARM_FEATURE_CMSE == 3))
 188:Drivers/CMSIS/Include/cmsis_gcc.h **** /**
 189:Drivers/CMSIS/Include/cmsis_gcc.h ****   \brief   Set Control Register (non-secure)
 190:Drivers/CMSIS/Include/cmsis_gcc.h ****   \details Writes the given value to the non-secure Control Register when in secure state.
ARM GAS  C:\Users\24705\AppData\Local\Temp\ccFjiRSb.s 			page 6


 191:Drivers/CMSIS/Include/cmsis_gcc.h ****   \param [in]    control  Control Register value to set
 192:Drivers/CMSIS/Include/cmsis_gcc.h ****  */
 193:Drivers/CMSIS/Include/cmsis_gcc.h **** __STATIC_FORCEINLINE void __TZ_set_CONTROL_NS(uint32_t control)
 194:Drivers/CMSIS/Include/cmsis_gcc.h **** {
 195:Drivers/CMSIS/Include/cmsis_gcc.h ****   __ASM volatile ("MSR control_ns, %0" : : "r" (control) : "memory");
 196:Drivers/CMSIS/Include/cmsis_gcc.h **** }
 197:Drivers/CMSIS/Include/cmsis_gcc.h **** #endif
 198:Drivers/CMSIS/Include/cmsis_gcc.h **** 
 199:Drivers/CMSIS/Include/cmsis_gcc.h **** 
 200:Drivers/CMSIS/Include/cmsis_gcc.h **** /**
 201:Drivers/CMSIS/Include/cmsis_gcc.h ****   \brief   Get IPSR Register
 202:Drivers/CMSIS/Include/cmsis_gcc.h ****   \details Returns the content of the IPSR Register.
 203:Drivers/CMSIS/Include/cmsis_gcc.h ****   \return               IPSR Register value
 204:Drivers/CMSIS/Include/cmsis_gcc.h ****  */
 205:Drivers/CMSIS/Include/cmsis_gcc.h **** __STATIC_FORCEINLINE uint32_t __get_IPSR(void)
 206:Drivers/CMSIS/Include/cmsis_gcc.h **** {
 207:Drivers/CMSIS/Include/cmsis_gcc.h ****   uint32_t result;
 208:Drivers/CMSIS/Include/cmsis_gcc.h **** 
 209:Drivers/CMSIS/Include/cmsis_gcc.h ****   __ASM volatile ("MRS %0, ipsr" : "=r" (result) );
 210:Drivers/CMSIS/Include/cmsis_gcc.h ****   return(result);
 211:Drivers/CMSIS/Include/cmsis_gcc.h **** }
 212:Drivers/CMSIS/Include/cmsis_gcc.h **** 
 213:Drivers/CMSIS/Include/cmsis_gcc.h **** 
 214:Drivers/CMSIS/Include/cmsis_gcc.h **** /**
 215:Drivers/CMSIS/Include/cmsis_gcc.h ****   \brief   Get APSR Register
 216:Drivers/CMSIS/Include/cmsis_gcc.h ****   \details Returns the content of the APSR Register.
 217:Drivers/CMSIS/Include/cmsis_gcc.h ****   \return               APSR Register value
 218:Drivers/CMSIS/Include/cmsis_gcc.h ****  */
 219:Drivers/CMSIS/Include/cmsis_gcc.h **** __STATIC_FORCEINLINE uint32_t __get_APSR(void)
 220:Drivers/CMSIS/Include/cmsis_gcc.h **** {
 221:Drivers/CMSIS/Include/cmsis_gcc.h ****   uint32_t result;
 222:Drivers/CMSIS/Include/cmsis_gcc.h **** 
 223:Drivers/CMSIS/Include/cmsis_gcc.h ****   __ASM volatile ("MRS %0, apsr" : "=r" (result) );
 224:Drivers/CMSIS/Include/cmsis_gcc.h ****   return(result);
 225:Drivers/CMSIS/Include/cmsis_gcc.h **** }
 226:Drivers/CMSIS/Include/cmsis_gcc.h **** 
 227:Drivers/CMSIS/Include/cmsis_gcc.h **** 
 228:Drivers/CMSIS/Include/cmsis_gcc.h **** /**
 229:Drivers/CMSIS/Include/cmsis_gcc.h ****   \brief   Get xPSR Register
 230:Drivers/CMSIS/Include/cmsis_gcc.h ****   \details Returns the content of the xPSR Register.
 231:Drivers/CMSIS/Include/cmsis_gcc.h ****   \return               xPSR Register value
 232:Drivers/CMSIS/Include/cmsis_gcc.h ****  */
 233:Drivers/CMSIS/Include/cmsis_gcc.h **** __STATIC_FORCEINLINE uint32_t __get_xPSR(void)
 234:Drivers/CMSIS/Include/cmsis_gcc.h **** {
 235:Drivers/CMSIS/Include/cmsis_gcc.h ****   uint32_t result;
 236:Drivers/CMSIS/Include/cmsis_gcc.h **** 
 237:Drivers/CMSIS/Include/cmsis_gcc.h ****   __ASM volatile ("MRS %0, xpsr" : "=r" (result) );
 238:Drivers/CMSIS/Include/cmsis_gcc.h ****   return(result);
 239:Drivers/CMSIS/Include/cmsis_gcc.h **** }
 240:Drivers/CMSIS/Include/cmsis_gcc.h **** 
 241:Drivers/CMSIS/Include/cmsis_gcc.h **** 
 242:Drivers/CMSIS/Include/cmsis_gcc.h **** /**
 243:Drivers/CMSIS/Include/cmsis_gcc.h ****   \brief   Get Process Stack Pointer
 244:Drivers/CMSIS/Include/cmsis_gcc.h ****   \details Returns the current value of the Process Stack Pointer (PSP).
 245:Drivers/CMSIS/Include/cmsis_gcc.h ****   \return               PSP Register value
 246:Drivers/CMSIS/Include/cmsis_gcc.h ****  */
 247:Drivers/CMSIS/Include/cmsis_gcc.h **** __STATIC_FORCEINLINE uint32_t __get_PSP(void)
ARM GAS  C:\Users\24705\AppData\Local\Temp\ccFjiRSb.s 			page 7


 248:Drivers/CMSIS/Include/cmsis_gcc.h **** {
 249:Drivers/CMSIS/Include/cmsis_gcc.h ****   uint32_t result;
 250:Drivers/CMSIS/Include/cmsis_gcc.h **** 
 251:Drivers/CMSIS/Include/cmsis_gcc.h ****   __ASM volatile ("MRS %0, psp"  : "=r" (result) );
 252:Drivers/CMSIS/Include/cmsis_gcc.h ****   return(result);
 253:Drivers/CMSIS/Include/cmsis_gcc.h **** }
 254:Drivers/CMSIS/Include/cmsis_gcc.h **** 
 255:Drivers/CMSIS/Include/cmsis_gcc.h **** 
 256:Drivers/CMSIS/Include/cmsis_gcc.h **** #if (defined (__ARM_FEATURE_CMSE ) && (__ARM_FEATURE_CMSE == 3))
 257:Drivers/CMSIS/Include/cmsis_gcc.h **** /**
 258:Drivers/CMSIS/Include/cmsis_gcc.h ****   \brief   Get Process Stack Pointer (non-secure)
 259:Drivers/CMSIS/Include/cmsis_gcc.h ****   \details Returns the current value of the non-secure Process Stack Pointer (PSP) when in secure s
 260:Drivers/CMSIS/Include/cmsis_gcc.h ****   \return               PSP Register value
 261:Drivers/CMSIS/Include/cmsis_gcc.h ****  */
 262:Drivers/CMSIS/Include/cmsis_gcc.h **** __STATIC_FORCEINLINE uint32_t __TZ_get_PSP_NS(void)
 263:Drivers/CMSIS/Include/cmsis_gcc.h **** {
 264:Drivers/CMSIS/Include/cmsis_gcc.h ****   uint32_t result;
 265:Drivers/CMSIS/Include/cmsis_gcc.h **** 
 266:Drivers/CMSIS/Include/cmsis_gcc.h ****   __ASM volatile ("MRS %0, psp_ns"  : "=r" (result) );
 267:Drivers/CMSIS/Include/cmsis_gcc.h ****   return(result);
 268:Drivers/CMSIS/Include/cmsis_gcc.h **** }
 269:Drivers/CMSIS/Include/cmsis_gcc.h **** #endif
 270:Drivers/CMSIS/Include/cmsis_gcc.h **** 
 271:Drivers/CMSIS/Include/cmsis_gcc.h **** 
 272:Drivers/CMSIS/Include/cmsis_gcc.h **** /**
 273:Drivers/CMSIS/Include/cmsis_gcc.h ****   \brief   Set Process Stack Pointer
 274:Drivers/CMSIS/Include/cmsis_gcc.h ****   \details Assigns the given value to the Process Stack Pointer (PSP).
 275:Drivers/CMSIS/Include/cmsis_gcc.h ****   \param [in]    topOfProcStack  Process Stack Pointer value to set
 276:Drivers/CMSIS/Include/cmsis_gcc.h ****  */
 277:Drivers/CMSIS/Include/cmsis_gcc.h **** __STATIC_FORCEINLINE void __set_PSP(uint32_t topOfProcStack)
 278:Drivers/CMSIS/Include/cmsis_gcc.h **** {
 279:Drivers/CMSIS/Include/cmsis_gcc.h ****   __ASM volatile ("MSR psp, %0" : : "r" (topOfProcStack) : );
 280:Drivers/CMSIS/Include/cmsis_gcc.h **** }
 281:Drivers/CMSIS/Include/cmsis_gcc.h **** 
 282:Drivers/CMSIS/Include/cmsis_gcc.h **** 
 283:Drivers/CMSIS/Include/cmsis_gcc.h **** #if (defined (__ARM_FEATURE_CMSE ) && (__ARM_FEATURE_CMSE == 3))
 284:Drivers/CMSIS/Include/cmsis_gcc.h **** /**
 285:Drivers/CMSIS/Include/cmsis_gcc.h ****   \brief   Set Process Stack Pointer (non-secure)
 286:Drivers/CMSIS/Include/cmsis_gcc.h ****   \details Assigns the given value to the non-secure Process Stack Pointer (PSP) when in secure sta
 287:Drivers/CMSIS/Include/cmsis_gcc.h ****   \param [in]    topOfProcStack  Process Stack Pointer value to set
 288:Drivers/CMSIS/Include/cmsis_gcc.h ****  */
 289:Drivers/CMSIS/Include/cmsis_gcc.h **** __STATIC_FORCEINLINE void __TZ_set_PSP_NS(uint32_t topOfProcStack)
 290:Drivers/CMSIS/Include/cmsis_gcc.h **** {
 291:Drivers/CMSIS/Include/cmsis_gcc.h ****   __ASM volatile ("MSR psp_ns, %0" : : "r" (topOfProcStack) : );
 292:Drivers/CMSIS/Include/cmsis_gcc.h **** }
 293:Drivers/CMSIS/Include/cmsis_gcc.h **** #endif
 294:Drivers/CMSIS/Include/cmsis_gcc.h **** 
 295:Drivers/CMSIS/Include/cmsis_gcc.h **** 
 296:Drivers/CMSIS/Include/cmsis_gcc.h **** /**
 297:Drivers/CMSIS/Include/cmsis_gcc.h ****   \brief   Get Main Stack Pointer
 298:Drivers/CMSIS/Include/cmsis_gcc.h ****   \details Returns the current value of the Main Stack Pointer (MSP).
 299:Drivers/CMSIS/Include/cmsis_gcc.h ****   \return               MSP Register value
 300:Drivers/CMSIS/Include/cmsis_gcc.h ****  */
 301:Drivers/CMSIS/Include/cmsis_gcc.h **** __STATIC_FORCEINLINE uint32_t __get_MSP(void)
 302:Drivers/CMSIS/Include/cmsis_gcc.h **** {
 303:Drivers/CMSIS/Include/cmsis_gcc.h ****   uint32_t result;
 304:Drivers/CMSIS/Include/cmsis_gcc.h **** 
ARM GAS  C:\Users\24705\AppData\Local\Temp\ccFjiRSb.s 			page 8


 305:Drivers/CMSIS/Include/cmsis_gcc.h ****   __ASM volatile ("MRS %0, msp" : "=r" (result) );
 306:Drivers/CMSIS/Include/cmsis_gcc.h ****   return(result);
 307:Drivers/CMSIS/Include/cmsis_gcc.h **** }
 308:Drivers/CMSIS/Include/cmsis_gcc.h **** 
 309:Drivers/CMSIS/Include/cmsis_gcc.h **** 
 310:Drivers/CMSIS/Include/cmsis_gcc.h **** #if (defined (__ARM_FEATURE_CMSE ) && (__ARM_FEATURE_CMSE == 3))
 311:Drivers/CMSIS/Include/cmsis_gcc.h **** /**
 312:Drivers/CMSIS/Include/cmsis_gcc.h ****   \brief   Get Main Stack Pointer (non-secure)
 313:Drivers/CMSIS/Include/cmsis_gcc.h ****   \details Returns the current value of the non-secure Main Stack Pointer (MSP) when in secure stat
 314:Drivers/CMSIS/Include/cmsis_gcc.h ****   \return               MSP Register value
 315:Drivers/CMSIS/Include/cmsis_gcc.h ****  */
 316:Drivers/CMSIS/Include/cmsis_gcc.h **** __STATIC_FORCEINLINE uint32_t __TZ_get_MSP_NS(void)
 317:Drivers/CMSIS/Include/cmsis_gcc.h **** {
 318:Drivers/CMSIS/Include/cmsis_gcc.h ****   uint32_t result;
 319:Drivers/CMSIS/Include/cmsis_gcc.h **** 
 320:Drivers/CMSIS/Include/cmsis_gcc.h ****   __ASM volatile ("MRS %0, msp_ns" : "=r" (result) );
 321:Drivers/CMSIS/Include/cmsis_gcc.h ****   return(result);
 322:Drivers/CMSIS/Include/cmsis_gcc.h **** }
 323:Drivers/CMSIS/Include/cmsis_gcc.h **** #endif
 324:Drivers/CMSIS/Include/cmsis_gcc.h **** 
 325:Drivers/CMSIS/Include/cmsis_gcc.h **** 
 326:Drivers/CMSIS/Include/cmsis_gcc.h **** /**
 327:Drivers/CMSIS/Include/cmsis_gcc.h ****   \brief   Set Main Stack Pointer
 328:Drivers/CMSIS/Include/cmsis_gcc.h ****   \details Assigns the given value to the Main Stack Pointer (MSP).
 329:Drivers/CMSIS/Include/cmsis_gcc.h ****   \param [in]    topOfMainStack  Main Stack Pointer value to set
 330:Drivers/CMSIS/Include/cmsis_gcc.h ****  */
 331:Drivers/CMSIS/Include/cmsis_gcc.h **** __STATIC_FORCEINLINE void __set_MSP(uint32_t topOfMainStack)
 332:Drivers/CMSIS/Include/cmsis_gcc.h **** {
 333:Drivers/CMSIS/Include/cmsis_gcc.h ****   __ASM volatile ("MSR msp, %0" : : "r" (topOfMainStack) : );
 334:Drivers/CMSIS/Include/cmsis_gcc.h **** }
 335:Drivers/CMSIS/Include/cmsis_gcc.h **** 
 336:Drivers/CMSIS/Include/cmsis_gcc.h **** 
 337:Drivers/CMSIS/Include/cmsis_gcc.h **** #if (defined (__ARM_FEATURE_CMSE ) && (__ARM_FEATURE_CMSE == 3))
 338:Drivers/CMSIS/Include/cmsis_gcc.h **** /**
 339:Drivers/CMSIS/Include/cmsis_gcc.h ****   \brief   Set Main Stack Pointer (non-secure)
 340:Drivers/CMSIS/Include/cmsis_gcc.h ****   \details Assigns the given value to the non-secure Main Stack Pointer (MSP) when in secure state.
 341:Drivers/CMSIS/Include/cmsis_gcc.h ****   \param [in]    topOfMainStack  Main Stack Pointer value to set
 342:Drivers/CMSIS/Include/cmsis_gcc.h ****  */
 343:Drivers/CMSIS/Include/cmsis_gcc.h **** __STATIC_FORCEINLINE void __TZ_set_MSP_NS(uint32_t topOfMainStack)
 344:Drivers/CMSIS/Include/cmsis_gcc.h **** {
 345:Drivers/CMSIS/Include/cmsis_gcc.h ****   __ASM volatile ("MSR msp_ns, %0" : : "r" (topOfMainStack) : );
 346:Drivers/CMSIS/Include/cmsis_gcc.h **** }
 347:Drivers/CMSIS/Include/cmsis_gcc.h **** #endif
 348:Drivers/CMSIS/Include/cmsis_gcc.h **** 
 349:Drivers/CMSIS/Include/cmsis_gcc.h **** 
 350:Drivers/CMSIS/Include/cmsis_gcc.h **** #if (defined (__ARM_FEATURE_CMSE ) && (__ARM_FEATURE_CMSE == 3))
 351:Drivers/CMSIS/Include/cmsis_gcc.h **** /**
 352:Drivers/CMSIS/Include/cmsis_gcc.h ****   \brief   Get Stack Pointer (non-secure)
 353:Drivers/CMSIS/Include/cmsis_gcc.h ****   \details Returns the current value of the non-secure Stack Pointer (SP) when in secure state.
 354:Drivers/CMSIS/Include/cmsis_gcc.h ****   \return               SP Register value
 355:Drivers/CMSIS/Include/cmsis_gcc.h ****  */
 356:Drivers/CMSIS/Include/cmsis_gcc.h **** __STATIC_FORCEINLINE uint32_t __TZ_get_SP_NS(void)
 357:Drivers/CMSIS/Include/cmsis_gcc.h **** {
 358:Drivers/CMSIS/Include/cmsis_gcc.h ****   uint32_t result;
 359:Drivers/CMSIS/Include/cmsis_gcc.h **** 
 360:Drivers/CMSIS/Include/cmsis_gcc.h ****   __ASM volatile ("MRS %0, sp_ns" : "=r" (result) );
 361:Drivers/CMSIS/Include/cmsis_gcc.h ****   return(result);
ARM GAS  C:\Users\24705\AppData\Local\Temp\ccFjiRSb.s 			page 9


 362:Drivers/CMSIS/Include/cmsis_gcc.h **** }
 363:Drivers/CMSIS/Include/cmsis_gcc.h **** 
 364:Drivers/CMSIS/Include/cmsis_gcc.h **** 
 365:Drivers/CMSIS/Include/cmsis_gcc.h **** /**
 366:Drivers/CMSIS/Include/cmsis_gcc.h ****   \brief   Set Stack Pointer (non-secure)
 367:Drivers/CMSIS/Include/cmsis_gcc.h ****   \details Assigns the given value to the non-secure Stack Pointer (SP) when in secure state.
 368:Drivers/CMSIS/Include/cmsis_gcc.h ****   \param [in]    topOfStack  Stack Pointer value to set
 369:Drivers/CMSIS/Include/cmsis_gcc.h ****  */
 370:Drivers/CMSIS/Include/cmsis_gcc.h **** __STATIC_FORCEINLINE void __TZ_set_SP_NS(uint32_t topOfStack)
 371:Drivers/CMSIS/Include/cmsis_gcc.h **** {
 372:Drivers/CMSIS/Include/cmsis_gcc.h ****   __ASM volatile ("MSR sp_ns, %0" : : "r" (topOfStack) : );
 373:Drivers/CMSIS/Include/cmsis_gcc.h **** }
 374:Drivers/CMSIS/Include/cmsis_gcc.h **** #endif
 375:Drivers/CMSIS/Include/cmsis_gcc.h **** 
 376:Drivers/CMSIS/Include/cmsis_gcc.h **** 
 377:Drivers/CMSIS/Include/cmsis_gcc.h **** /**
 378:Drivers/CMSIS/Include/cmsis_gcc.h ****   \brief   Get Priority Mask
 379:Drivers/CMSIS/Include/cmsis_gcc.h ****   \details Returns the current state of the priority mask bit from the Priority Mask Register.
 380:Drivers/CMSIS/Include/cmsis_gcc.h ****   \return               Priority Mask value
 381:Drivers/CMSIS/Include/cmsis_gcc.h ****  */
 382:Drivers/CMSIS/Include/cmsis_gcc.h **** __STATIC_FORCEINLINE uint32_t __get_PRIMASK(void)
  82              		.loc 2 382 31 view .LVU11
  83              	.LBB24:
 383:Drivers/CMSIS/Include/cmsis_gcc.h **** {
 384:Drivers/CMSIS/Include/cmsis_gcc.h ****   uint32_t result;
  84              		.loc 2 384 3 view .LVU12
 385:Drivers/CMSIS/Include/cmsis_gcc.h **** 
 386:Drivers/CMSIS/Include/cmsis_gcc.h ****   __ASM volatile ("MRS %0, primask" : "=r" (result) :: "memory");
  85              		.loc 2 386 3 view .LVU13
  86              		.syntax divided
  87              	@ 386 "Drivers/CMSIS/Include/cmsis_gcc.h" 1
  88 0002 EFF31081 		MRS r1, primask
  89              	@ 0 "" 2
  90              	.LVL2:
 387:Drivers/CMSIS/Include/cmsis_gcc.h ****   return(result);
  91              		.loc 2 387 3 view .LVU14
  92              		.loc 2 387 3 is_stmt 0 view .LVU15
  93              		.thumb
  94              		.syntax unified
  95              	.LBE24:
  96              	.LBE23:
  18:Core/Src/thermal.c ****     __disable_irq();
  97              		.loc 1 18 5 is_stmt 1 view .LVU16
  98              	.LBB25:
  99              	.LBI25:
 140:Drivers/CMSIS/Include/cmsis_gcc.h **** {
 100              		.loc 2 140 27 view .LVU17
 101              	.LBB26:
 142:Drivers/CMSIS/Include/cmsis_gcc.h **** }
 102              		.loc 2 142 3 view .LVU18
 103              		.syntax divided
 104              	@ 142 "Drivers/CMSIS/Include/cmsis_gcc.h" 1
 105 0006 72B6     		cpsid i
 106              	@ 0 "" 2
 107              		.thumb
 108              		.syntax unified
 109              	.LBE26:
ARM GAS  C:\Users\24705\AppData\Local\Temp\ccFjiRSb.s 			page 10


 110              	.LBE25:
  19:Core/Src/thermal.c ****     while (thermal_heat > 0U &&
 111              		.loc 1 19 5 view .LVU19
 112              	.LBB28:
 113              	.LBB27:
 143:Drivers/CMSIS/Include/cmsis_gcc.h **** 
 114              		.loc 2 143 1 is_stmt 0 view .LVU20
 115 0008 09E0     		b	.L5
 116              	.L10:
 143:Drivers/CMSIS/Include/cmsis_gcc.h **** 
 117              		.loc 2 143 1 view .LVU21
 118              	.LBE27:
 119              	.LBE28:
  20:Core/Src/thermal.c ****            (uint32_t)(now_ms - thermal_cool_tick) >= THERMAL_COOL_PERIOD_MS) {
  21:Core/Src/thermal.c ****         thermal_heat = (thermal_heat > THERMAL_COOL_PER_SECOND) ?
 120              		.loc 1 21 22 discriminator 2 view .LVU22
 121 000a 0023     		movs	r3, #0
 122              	.L6:
 123              		.loc 1 21 22 discriminator 4 view .LVU23
 124 000c 134A     		ldr	r2, .L11
 125 000e 1370     		strb	r3, [r2]
  22:Core/Src/thermal.c ****                        (uint8_t)(thermal_heat - THERMAL_COOL_PER_SECOND) : 0U;
  23:Core/Src/thermal.c ****         thermal_cool_tick += THERMAL_COOL_PERIOD_MS;
 126              		.loc 1 23 9 is_stmt 1 view .LVU24
 127              		.loc 1 23 27 is_stmt 0 view .LVU25
 128 0010 134A     		ldr	r2, .L11+4
 129 0012 1368     		ldr	r3, [r2]
 130 0014 FA24     		movs	r4, #250
 131 0016 A400     		lsls	r4, r4, #2
 132 0018 A446     		mov	ip, r4
 133 001a 6344     		add	r3, r3, ip
 134 001c 1360     		str	r3, [r2]
 135              	.L5:
  19:Core/Src/thermal.c ****            (uint32_t)(now_ms - thermal_cool_tick) >= THERMAL_COOL_PERIOD_MS) {
 136              		.loc 1 19 30 is_stmt 1 view .LVU26
  19:Core/Src/thermal.c ****            (uint32_t)(now_ms - thermal_cool_tick) >= THERMAL_COOL_PERIOD_MS) {
 137              		.loc 1 19 25 is_stmt 0 view .LVU27
 138 001e 0F4B     		ldr	r3, .L11
 139 0020 1B78     		ldrb	r3, [r3]
  19:Core/Src/thermal.c ****            (uint32_t)(now_ms - thermal_cool_tick) >= THERMAL_COOL_PERIOD_MS) {
 140              		.loc 1 19 30 view .LVU28
 141 0022 002B     		cmp	r3, #0
 142 0024 10D0     		beq	.L7
  20:Core/Src/thermal.c ****            (uint32_t)(now_ms - thermal_cool_tick) >= THERMAL_COOL_PERIOD_MS) {
 143              		.loc 1 20 30 view .LVU29
 144 0026 0E4B     		ldr	r3, .L11+4
 145 0028 1B68     		ldr	r3, [r3]
 146 002a C31A     		subs	r3, r0, r3
  19:Core/Src/thermal.c ****            (uint32_t)(now_ms - thermal_cool_tick) >= THERMAL_COOL_PERIOD_MS) {
 147              		.loc 1 19 30 discriminator 1 view .LVU30
 148 002c FA22     		movs	r2, #250
 149 002e 9200     		lsls	r2, r2, #2
 150 0030 9342     		cmp	r3, r2
 151 0032 09D3     		bcc	.L7
  21:Core/Src/thermal.c ****                        (uint8_t)(thermal_heat - THERMAL_COOL_PER_SECOND) : 0U;
 152              		.loc 1 21 9 is_stmt 1 view .LVU31
  21:Core/Src/thermal.c ****                        (uint8_t)(thermal_heat - THERMAL_COOL_PER_SECOND) : 0U;
ARM GAS  C:\Users\24705\AppData\Local\Temp\ccFjiRSb.s 			page 11


 153              		.loc 1 21 38 is_stmt 0 view .LVU32
 154 0034 094B     		ldr	r3, .L11
 155 0036 1B78     		ldrb	r3, [r3]
 156 0038 DBB2     		uxtb	r3, r3
  21:Core/Src/thermal.c ****                        (uint8_t)(thermal_heat - THERMAL_COOL_PER_SECOND) : 0U;
 157              		.loc 1 21 22 view .LVU33
 158 003a 0A2B     		cmp	r3, #10
 159 003c E5D9     		bls	.L10
  22:Core/Src/thermal.c ****                        (uint8_t)(thermal_heat - THERMAL_COOL_PER_SECOND) : 0U;
 160              		.loc 1 22 24 view .LVU34
 161 003e 074B     		ldr	r3, .L11
 162 0040 1B78     		ldrb	r3, [r3]
  21:Core/Src/thermal.c ****                        (uint8_t)(thermal_heat - THERMAL_COOL_PER_SECOND) : 0U;
 163              		.loc 1 21 22 discriminator 1 view .LVU35
 164 0042 0A3B     		subs	r3, r3, #10
 165 0044 DBB2     		uxtb	r3, r3
 166 0046 E1E7     		b	.L6
 167              	.L7:
  24:Core/Src/thermal.c ****     }
  25:Core/Src/thermal.c ****     if (thermal_heat == 0U) {
 168              		.loc 1 25 5 is_stmt 1 view .LVU36
 169              		.loc 1 25 22 is_stmt 0 view .LVU37
 170 0048 044B     		ldr	r3, .L11
 171 004a 1B78     		ldrb	r3, [r3]
 172              		.loc 1 25 8 view .LVU38
 173 004c 002B     		cmp	r3, #0
 174 004e 01D1     		bne	.L9
  26:Core/Src/thermal.c ****         thermal_cool_tick = now_ms;
 175              		.loc 1 26 9 is_stmt 1 view .LVU39
 176              		.loc 1 26 27 is_stmt 0 view .LVU40
 177 0050 034B     		ldr	r3, .L11+4
 178 0052 1860     		str	r0, [r3]
 179              	.L9:
  27:Core/Src/thermal.c ****     }
  28:Core/Src/thermal.c ****     __set_PRIMASK(primask);
 180              		.loc 1 28 5 is_stmt 1 view .LVU41
 181              	.LBB29:
 182              	.LBI29:
 388:Drivers/CMSIS/Include/cmsis_gcc.h **** }
 389:Drivers/CMSIS/Include/cmsis_gcc.h **** 
 390:Drivers/CMSIS/Include/cmsis_gcc.h **** 
 391:Drivers/CMSIS/Include/cmsis_gcc.h **** #if (defined (__ARM_FEATURE_CMSE ) && (__ARM_FEATURE_CMSE == 3))
 392:Drivers/CMSIS/Include/cmsis_gcc.h **** /**
 393:Drivers/CMSIS/Include/cmsis_gcc.h ****   \brief   Get Priority Mask (non-secure)
 394:Drivers/CMSIS/Include/cmsis_gcc.h ****   \details Returns the current state of the non-secure priority mask bit from the Priority Mask Reg
 395:Drivers/CMSIS/Include/cmsis_gcc.h ****   \return               Priority Mask value
 396:Drivers/CMSIS/Include/cmsis_gcc.h ****  */
 397:Drivers/CMSIS/Include/cmsis_gcc.h **** __STATIC_FORCEINLINE uint32_t __TZ_get_PRIMASK_NS(void)
 398:Drivers/CMSIS/Include/cmsis_gcc.h **** {
 399:Drivers/CMSIS/Include/cmsis_gcc.h ****   uint32_t result;
 400:Drivers/CMSIS/Include/cmsis_gcc.h **** 
 401:Drivers/CMSIS/Include/cmsis_gcc.h ****   __ASM volatile ("MRS %0, primask_ns" : "=r" (result) :: "memory");
 402:Drivers/CMSIS/Include/cmsis_gcc.h ****   return(result);
 403:Drivers/CMSIS/Include/cmsis_gcc.h **** }
 404:Drivers/CMSIS/Include/cmsis_gcc.h **** #endif
 405:Drivers/CMSIS/Include/cmsis_gcc.h **** 
 406:Drivers/CMSIS/Include/cmsis_gcc.h **** 
ARM GAS  C:\Users\24705\AppData\Local\Temp\ccFjiRSb.s 			page 12


 407:Drivers/CMSIS/Include/cmsis_gcc.h **** /**
 408:Drivers/CMSIS/Include/cmsis_gcc.h ****   \brief   Set Priority Mask
 409:Drivers/CMSIS/Include/cmsis_gcc.h ****   \details Assigns the given value to the Priority Mask Register.
 410:Drivers/CMSIS/Include/cmsis_gcc.h ****   \param [in]    priMask  Priority Mask
 411:Drivers/CMSIS/Include/cmsis_gcc.h ****  */
 412:Drivers/CMSIS/Include/cmsis_gcc.h **** __STATIC_FORCEINLINE void __set_PRIMASK(uint32_t priMask)
 183              		.loc 2 412 27 view .LVU42
 184              	.LBB30:
 413:Drivers/CMSIS/Include/cmsis_gcc.h **** {
 414:Drivers/CMSIS/Include/cmsis_gcc.h ****   __ASM volatile ("MSR primask, %0" : : "r" (priMask) : "memory");
 185              		.loc 2 414 3 view .LVU43
 186              		.syntax divided
 187              	@ 414 "Drivers/CMSIS/Include/cmsis_gcc.h" 1
 188 0054 81F31088 		MSR primask, r1
 189              	@ 0 "" 2
 190              		.thumb
 191              		.syntax unified
 192              	.LBE30:
 193              	.LBE29:
  29:Core/Src/thermal.c **** }
 194              		.loc 1 29 1 is_stmt 0 view .LVU44
 195              		@ sp needed
 196 0058 10BD     		pop	{r4, pc}
 197              	.L12:
 198 005a C046     		.align	2
 199              	.L11:
 200 005c 00000000 		.word	thermal_heat
 201 0060 00000000 		.word	thermal_cool_tick
 202              		.cfi_endproc
 203              	.LFE41:
 205              		.section	.text.Thermal_AddShot,"ax",%progbits
 206              		.align	1
 207              		.global	Thermal_AddShot
 208              		.syntax unified
 209              		.code	16
 210              		.thumb_func
 212              	Thermal_AddShot:
 213              	.LVL3:
 214              	.LFB42:
  30:Core/Src/thermal.c **** 
  31:Core/Src/thermal.c **** uint8_t Thermal_AddShot(uint32_t now_ms)
  32:Core/Src/thermal.c **** {
 215              		.loc 1 32 1 is_stmt 1 view -0
 216              		.cfi_startproc
 217              		@ args = 0, pretend = 0, frame = 0
 218              		@ frame_needed = 0, uses_anonymous_args = 0
 219              		@ link register save eliminated.
  33:Core/Src/thermal.c ****     uint32_t primask = __get_PRIMASK();
 220              		.loc 1 33 5 view .LVU46
 221              	.LBB31:
 222              	.LBI31:
 382:Drivers/CMSIS/Include/cmsis_gcc.h **** {
 223              		.loc 2 382 31 view .LVU47
 224              	.LBB32:
 384:Drivers/CMSIS/Include/cmsis_gcc.h **** 
 225              		.loc 2 384 3 view .LVU48
 386:Drivers/CMSIS/Include/cmsis_gcc.h ****   return(result);
ARM GAS  C:\Users\24705\AppData\Local\Temp\ccFjiRSb.s 			page 13


 226              		.loc 2 386 3 view .LVU49
 227              		.syntax divided
 228              	@ 386 "Drivers/CMSIS/Include/cmsis_gcc.h" 1
 229 0000 EFF31083 		MRS r3, primask
 230              	@ 0 "" 2
 231              	.LVL4:
 387:Drivers/CMSIS/Include/cmsis_gcc.h **** }
 232              		.loc 2 387 3 view .LVU50
 387:Drivers/CMSIS/Include/cmsis_gcc.h **** }
 233              		.loc 2 387 3 is_stmt 0 view .LVU51
 234              		.thumb
 235              		.syntax unified
 236              	.LBE32:
 237              	.LBE31:
  34:Core/Src/thermal.c ****     __disable_irq();
 238              		.loc 1 34 5 is_stmt 1 view .LVU52
 239              	.LBB33:
 240              	.LBI33:
 140:Drivers/CMSIS/Include/cmsis_gcc.h **** {
 241              		.loc 2 140 27 view .LVU53
 242              	.LBB34:
 142:Drivers/CMSIS/Include/cmsis_gcc.h **** }
 243              		.loc 2 142 3 view .LVU54
 244              		.syntax divided
 245              	@ 142 "Drivers/CMSIS/Include/cmsis_gcc.h" 1
 246 0004 72B6     		cpsid i
 247              	@ 0 "" 2
 248              		.thumb
 249              		.syntax unified
 250              	.LBE34:
 251              	.LBE33:
  35:Core/Src/thermal.c ****     if (thermal_heat < THERMAL_HEAT_LIMIT) {
 252              		.loc 1 35 5 view .LVU55
 253              		.loc 1 35 22 is_stmt 0 view .LVU56
 254 0006 104A     		ldr	r2, .L18
 255 0008 1278     		ldrb	r2, [r2]
 256 000a D2B2     		uxtb	r2, r2
 257              		.loc 1 35 8 view .LVU57
 258 000c C72A     		cmp	r2, #199
 259 000e 0DD8     		bhi	.L14
 260              	.LBB35:
  36:Core/Src/thermal.c ****         uint16_t heat_after_shot = (uint16_t)thermal_heat + THERMAL_HEAT_PER_SHOT;
 261              		.loc 1 36 9 is_stmt 1 view .LVU58
 262              		.loc 1 36 59 is_stmt 0 view .LVU59
 263 0010 0D4A     		ldr	r2, .L18
 264 0012 1278     		ldrb	r2, [r2]
 265 0014 D1B2     		uxtb	r1, r2
 266              		.loc 1 36 18 view .LVU60
 267 0016 0A32     		adds	r2, r2, #10
 268              	.LVL5:
  37:Core/Src/thermal.c ****         thermal_heat = (heat_after_shot > THERMAL_HEAT_LIMIT) ?
 269              		.loc 1 37 9 is_stmt 1 view .LVU61
 270              		.loc 1 37 22 is_stmt 0 view .LVU62
 271 0018 C82A     		cmp	r2, #200
 272 001a 0DD8     		bhi	.L16
 273              		.loc 1 37 22 discriminator 1 view .LVU63
 274 001c 0A31     		adds	r1, r1, #10
ARM GAS  C:\Users\24705\AppData\Local\Temp\ccFjiRSb.s 			page 14


 275 001e CAB2     		uxtb	r2, r1
 276              	.LVL6:
 277              	.L15:
 278              		.loc 1 37 22 discriminator 4 view .LVU64
 279 0020 0949     		ldr	r1, .L18
 280 0022 0A70     		strb	r2, [r1]
  38:Core/Src/thermal.c ****                        THERMAL_HEAT_LIMIT : (uint8_t)heat_after_shot;
  39:Core/Src/thermal.c ****         if (thermal_heat == THERMAL_HEAT_LIMIT) {
 281              		.loc 1 39 9 is_stmt 1 view .LVU65
 282              		.loc 1 39 26 is_stmt 0 view .LVU66
 283 0024 0A78     		ldrb	r2, [r1]
 284 0026 D2B2     		uxtb	r2, r2
 285              		.loc 1 39 12 view .LVU67
 286 0028 C82A     		cmp	r2, #200
 287 002a 07D0     		beq	.L17
 288              	.LVL7:
 289              	.L14:
 290              		.loc 1 39 12 view .LVU68
 291              	.LBE35:
  40:Core/Src/thermal.c ****             thermal_overheat_led_until = now_ms + THERMAL_OVERHEAT_LED_MS;
  41:Core/Src/thermal.c ****         }
  42:Core/Src/thermal.c ****     }
  43:Core/Src/thermal.c ****     uint8_t result = thermal_heat;
 292              		.loc 1 43 5 is_stmt 1 view .LVU69
 293              		.loc 1 43 13 is_stmt 0 view .LVU70
 294 002c 064A     		ldr	r2, .L18
 295 002e 1078     		ldrb	r0, [r2]
 296 0030 C0B2     		uxtb	r0, r0
 297              	.LVL8:
  44:Core/Src/thermal.c ****     __set_PRIMASK(primask);
 298              		.loc 1 44 5 is_stmt 1 view .LVU71
 299              	.LBB36:
 300              	.LBI36:
 412:Drivers/CMSIS/Include/cmsis_gcc.h **** {
 301              		.loc 2 412 27 view .LVU72
 302              	.LBB37:
 303              		.loc 2 414 3 view .LVU73
 304              		.syntax divided
 305              	@ 414 "Drivers/CMSIS/Include/cmsis_gcc.h" 1
 306 0032 83F31088 		MSR primask, r3
 307              	@ 0 "" 2
 308              		.thumb
 309              		.syntax unified
 310              	.LBE37:
 311              	.LBE36:
  45:Core/Src/thermal.c ****     return result;
 312              		.loc 1 45 5 view .LVU74
  46:Core/Src/thermal.c **** }
 313              		.loc 1 46 1 is_stmt 0 view .LVU75
 314              		@ sp needed
 315 0036 7047     		bx	lr
 316              	.LVL9:
 317              	.L16:
 318              	.LBB38:
  37:Core/Src/thermal.c ****                        THERMAL_HEAT_LIMIT : (uint8_t)heat_after_shot;
 319              		.loc 1 37 22 discriminator 2 view .LVU76
 320 0038 C822     		movs	r2, #200
ARM GAS  C:\Users\24705\AppData\Local\Temp\ccFjiRSb.s 			page 15


 321              	.LVL10:
  37:Core/Src/thermal.c ****                        THERMAL_HEAT_LIMIT : (uint8_t)heat_after_shot;
 322              		.loc 1 37 22 discriminator 2 view .LVU77
 323 003a F1E7     		b	.L15
 324              	.L17:
  40:Core/Src/thermal.c ****         }
 325              		.loc 1 40 13 is_stmt 1 view .LVU78
  40:Core/Src/thermal.c ****         }
 326              		.loc 1 40 49 is_stmt 0 view .LVU79
 327 003c 034A     		ldr	r2, .L18+4
 328 003e 9446     		mov	ip, r2
 329 0040 6044     		add	r0, r0, ip
 330              	.LVL11:
  40:Core/Src/thermal.c ****         }
 331              		.loc 1 40 40 view .LVU80
 332 0042 034A     		ldr	r2, .L18+8
 333 0044 1060     		str	r0, [r2]
 334 0046 F1E7     		b	.L14
 335              	.L19:
 336              		.align	2
 337              	.L18:
 338 0048 00000000 		.word	thermal_heat
 339 004c B80B0000 		.word	3000
 340 0050 00000000 		.word	thermal_overheat_led_until
 341              	.LBE38:
 342              		.cfi_endproc
 343              	.LFE42:
 345              		.section	.text.Thermal_SetHeat,"ax",%progbits
 346              		.align	1
 347              		.global	Thermal_SetHeat
 348              		.syntax unified
 349              		.code	16
 350              		.thumb_func
 352              	Thermal_SetHeat:
 353              	.LVL12:
 354              	.LFB43:
  47:Core/Src/thermal.c **** 
  48:Core/Src/thermal.c **** bool Thermal_SetHeat(uint8_t heat, uint32_t now_ms)
  49:Core/Src/thermal.c **** {
 355              		.loc 1 49 1 is_stmt 1 view -0
 356              		.cfi_startproc
 357              		@ args = 0, pretend = 0, frame = 0
 358              		@ frame_needed = 0, uses_anonymous_args = 0
 359              		@ link register save eliminated.
  50:Core/Src/thermal.c ****     uint32_t primask = __get_PRIMASK();
 360              		.loc 1 50 5 view .LVU82
 361              	.LBB39:
 362              	.LBI39:
 382:Drivers/CMSIS/Include/cmsis_gcc.h **** {
 363              		.loc 2 382 31 view .LVU83
 364              	.LBB40:
 384:Drivers/CMSIS/Include/cmsis_gcc.h **** 
 365              		.loc 2 384 3 view .LVU84
 386:Drivers/CMSIS/Include/cmsis_gcc.h ****   return(result);
 366              		.loc 2 386 3 view .LVU85
 367              		.syntax divided
 368              	@ 386 "Drivers/CMSIS/Include/cmsis_gcc.h" 1
ARM GAS  C:\Users\24705\AppData\Local\Temp\ccFjiRSb.s 			page 16


 369 0000 EFF31083 		MRS r3, primask
 370              	@ 0 "" 2
 371              	.LVL13:
 387:Drivers/CMSIS/Include/cmsis_gcc.h **** }
 372              		.loc 2 387 3 view .LVU86
 387:Drivers/CMSIS/Include/cmsis_gcc.h **** }
 373              		.loc 2 387 3 is_stmt 0 view .LVU87
 374              		.thumb
 375              		.syntax unified
 376              	.LBE40:
 377              	.LBE39:
  51:Core/Src/thermal.c ****     __disable_irq();
 378              		.loc 1 51 5 is_stmt 1 view .LVU88
 379              	.LBB41:
 380              	.LBI41:
 140:Drivers/CMSIS/Include/cmsis_gcc.h **** {
 381              		.loc 2 140 27 view .LVU89
 382              	.LBB42:
 142:Drivers/CMSIS/Include/cmsis_gcc.h **** }
 383              		.loc 2 142 3 view .LVU90
 384              		.syntax divided
 385              	@ 142 "Drivers/CMSIS/Include/cmsis_gcc.h" 1
 386 0004 72B6     		cpsid i
 387              	@ 0 "" 2
 388              		.thumb
 389              		.syntax unified
 390              	.LBE42:
 391              	.LBE41:
  52:Core/Src/thermal.c ****     if (heat > THERMAL_HEAT_LIMIT) {
 392              		.loc 1 52 5 view .LVU91
 393              		.loc 1 52 8 is_stmt 0 view .LVU92
 394 0006 C828     		cmp	r0, #200
 395 0008 08D8     		bhi	.L24
  53:Core/Src/thermal.c ****         __set_PRIMASK(primask);
  54:Core/Src/thermal.c ****         return false;
  55:Core/Src/thermal.c ****     }
  56:Core/Src/thermal.c ****     thermal_heat = heat;
 396              		.loc 1 56 5 is_stmt 1 view .LVU93
 397              		.loc 1 56 18 is_stmt 0 view .LVU94
 398 000a 094A     		ldr	r2, .L26
 399 000c 1070     		strb	r0, [r2]
  57:Core/Src/thermal.c ****     thermal_cool_tick = now_ms;
 400              		.loc 1 57 5 is_stmt 1 view .LVU95
 401              		.loc 1 57 23 is_stmt 0 view .LVU96
 402 000e 094A     		ldr	r2, .L26+4
 403 0010 1160     		str	r1, [r2]
  58:Core/Src/thermal.c ****     if (heat == THERMAL_HEAT_LIMIT) {
 404              		.loc 1 58 5 is_stmt 1 view .LVU97
 405              		.loc 1 58 8 is_stmt 0 view .LVU98
 406 0012 07D0     		beq	.L25
 407              	.LVL14:
 408              	.L23:
  59:Core/Src/thermal.c ****         thermal_overheat_led_until = now_ms + THERMAL_OVERHEAT_LED_MS;
  60:Core/Src/thermal.c ****     }
  61:Core/Src/thermal.c ****     __set_PRIMASK(primask);
 409              		.loc 1 61 5 is_stmt 1 view .LVU99
 410              	.LBB43:
ARM GAS  C:\Users\24705\AppData\Local\Temp\ccFjiRSb.s 			page 17


 411              	.LBI43:
 412:Drivers/CMSIS/Include/cmsis_gcc.h **** {
 412              		.loc 2 412 27 view .LVU100
 413              	.LBB44:
 414              		.loc 2 414 3 view .LVU101
 415              		.syntax divided
 416              	@ 414 "Drivers/CMSIS/Include/cmsis_gcc.h" 1
 417 0014 83F31088 		MSR primask, r3
 418              	@ 0 "" 2
 419              		.thumb
 420              		.syntax unified
 421              	.LBE44:
 422              	.LBE43:
  62:Core/Src/thermal.c ****     return true;
 423              		.loc 1 62 5 view .LVU102
 424              		.loc 1 62 12 is_stmt 0 view .LVU103
 425 0018 0120     		movs	r0, #1
 426              	.LVL15:
 427              	.L22:
  63:Core/Src/thermal.c **** }
 428              		.loc 1 63 1 view .LVU104
 429              		@ sp needed
 430 001a 7047     		bx	lr
 431              	.LVL16:
 432              	.L24:
  53:Core/Src/thermal.c ****         return false;
 433              		.loc 1 53 9 is_stmt 1 view .LVU105
 434              	.LBB45:
 435              	.LBI45:
 412:Drivers/CMSIS/Include/cmsis_gcc.h **** {
 436              		.loc 2 412 27 view .LVU106
 437              	.LBB46:
 438              		.loc 2 414 3 view .LVU107
 439              		.syntax divided
 440              	@ 414 "Drivers/CMSIS/Include/cmsis_gcc.h" 1
 441 001c 83F31088 		MSR primask, r3
 442              	@ 0 "" 2
 443              		.thumb
 444              		.syntax unified
 445              	.LBE46:
 446              	.LBE45:
  54:Core/Src/thermal.c ****     }
 447              		.loc 1 54 9 view .LVU108
  54:Core/Src/thermal.c ****     }
 448              		.loc 1 54 16 is_stmt 0 view .LVU109
 449 0020 0020     		movs	r0, #0
 450              	.LVL17:
  54:Core/Src/thermal.c ****     }
 451              		.loc 1 54 16 view .LVU110
 452 0022 FAE7     		b	.L22
 453              	.LVL18:
 454              	.L25:
  59:Core/Src/thermal.c ****     }
 455              		.loc 1 59 9 is_stmt 1 view .LVU111
  59:Core/Src/thermal.c ****     }
 456              		.loc 1 59 45 is_stmt 0 view .LVU112
 457 0024 044A     		ldr	r2, .L26+8
ARM GAS  C:\Users\24705\AppData\Local\Temp\ccFjiRSb.s 			page 18


 458 0026 9446     		mov	ip, r2
 459 0028 6144     		add	r1, r1, ip
 460              	.LVL19:
  59:Core/Src/thermal.c ****     }
 461              		.loc 1 59 36 view .LVU113
 462 002a 044A     		ldr	r2, .L26+12
 463 002c 1160     		str	r1, [r2]
 464              	.LVL20:
  59:Core/Src/thermal.c ****     }
 465              		.loc 1 59 36 view .LVU114
 466 002e F1E7     		b	.L23
 467              	.L27:
 468              		.align	2
 469              	.L26:
 470 0030 00000000 		.word	thermal_heat
 471 0034 00000000 		.word	thermal_cool_tick
 472 0038 B80B0000 		.word	3000
 473 003c 00000000 		.word	thermal_overheat_led_until
 474              		.cfi_endproc
 475              	.LFE43:
 477              		.section	.text.Thermal_GetHeat,"ax",%progbits
 478              		.align	1
 479              		.global	Thermal_GetHeat
 480              		.syntax unified
 481              		.code	16
 482              		.thumb_func
 484              	Thermal_GetHeat:
 485              	.LFB44:
  64:Core/Src/thermal.c **** 
  65:Core/Src/thermal.c **** uint8_t Thermal_GetHeat(void)
  66:Core/Src/thermal.c **** {
 486              		.loc 1 66 1 is_stmt 1 view -0
 487              		.cfi_startproc
 488              		@ args = 0, pretend = 0, frame = 0
 489              		@ frame_needed = 0, uses_anonymous_args = 0
 490              		@ link register save eliminated.
  67:Core/Src/thermal.c ****     return thermal_heat;
 491              		.loc 1 67 5 view .LVU116
 492              		.loc 1 67 12 is_stmt 0 view .LVU117
 493 0000 014B     		ldr	r3, .L29
 494 0002 1878     		ldrb	r0, [r3]
 495 0004 C0B2     		uxtb	r0, r0
  68:Core/Src/thermal.c **** }
 496              		.loc 1 68 1 view .LVU118
 497              		@ sp needed
 498 0006 7047     		bx	lr
 499              	.L30:
 500              		.align	2
 501              	.L29:
 502 0008 00000000 		.word	thermal_heat
 503              		.cfi_endproc
 504              	.LFE44:
 506              		.section	.text.Thermal_IsOverheatIndicatorActive,"ax",%progbits
 507              		.align	1
 508              		.global	Thermal_IsOverheatIndicatorActive
 509              		.syntax unified
 510              		.code	16
ARM GAS  C:\Users\24705\AppData\Local\Temp\ccFjiRSb.s 			page 19


 511              		.thumb_func
 513              	Thermal_IsOverheatIndicatorActive:
 514              	.LVL21:
 515              	.LFB45:
  69:Core/Src/thermal.c **** 
  70:Core/Src/thermal.c **** bool Thermal_IsOverheatIndicatorActive(uint32_t now_ms)
  71:Core/Src/thermal.c **** {
 516              		.loc 1 71 1 is_stmt 1 view -0
 517              		.cfi_startproc
 518              		@ args = 0, pretend = 0, frame = 0
 519              		@ frame_needed = 0, uses_anonymous_args = 0
 520              		@ link register save eliminated.
  72:Core/Src/thermal.c ****     return (int32_t)(thermal_overheat_led_until - now_ms) > 0;
 521              		.loc 1 72 5 view .LVU120
 522              		.loc 1 72 49 is_stmt 0 view .LVU121
 523 0000 034B     		ldr	r3, .L32
 524 0002 1B68     		ldr	r3, [r3]
 525 0004 1B1A     		subs	r3, r3, r0
 526              		.loc 1 72 59 view .LVU122
 527 0006 D817     		asrs	r0, r3, #31
 528              	.LVL22:
 529              		.loc 1 72 59 view .LVU123
 530 0008 C01A     		subs	r0, r0, r3
 531              		.loc 1 72 59 discriminator 1 view .LVU124
 532 000a C00F     		lsrs	r0, r0, #31
  73:Core/Src/thermal.c **** }
 533              		.loc 1 73 1 view .LVU125
 534              		@ sp needed
 535 000c 7047     		bx	lr
 536              	.L33:
 537 000e C046     		.align	2
 538              	.L32:
 539 0010 00000000 		.word	thermal_overheat_led_until
 540              		.cfi_endproc
 541              	.LFE45:
 543              		.section	.bss.thermal_overheat_led_until,"aw",%nobits
 544              		.align	2
 547              	thermal_overheat_led_until:
 548 0000 00000000 		.space	4
 549              		.section	.bss.thermal_cool_tick,"aw",%nobits
 550              		.align	2
 553              	thermal_cool_tick:
 554 0000 00000000 		.space	4
 555              		.section	.bss.thermal_heat,"aw",%nobits
 558              	thermal_heat:
 559 0000 00       		.space	1
 560              		.text
 561              	.Letext0:
 562              		.file 3 "E:\\STM32CubeCLT_1.21.0\\GNU-tools-for-STM32\\bin/../lib/gcc/arm-none-eabi/14.3.1/../../.
 563              		.file 4 "E:\\STM32CubeCLT_1.21.0\\GNU-tools-for-STM32\\bin/../lib/gcc/arm-none-eabi/14.3.1/../../.
ARM GAS  C:\Users\24705\AppData\Local\Temp\ccFjiRSb.s 			page 20


DEFINED SYMBOLS
                            *ABS*:00000000 thermal.c
C:\Users\24705\AppData\Local\Temp\ccFjiRSb.s:19     .text.Thermal_Init:00000000 $t
C:\Users\24705\AppData\Local\Temp\ccFjiRSb.s:25     .text.Thermal_Init:00000000 Thermal_Init
C:\Users\24705\AppData\Local\Temp\ccFjiRSb.s:52     .text.Thermal_Init:00000010 $d
C:\Users\24705\AppData\Local\Temp\ccFjiRSb.s:558    .bss.thermal_heat:00000000 thermal_heat
C:\Users\24705\AppData\Local\Temp\ccFjiRSb.s:553    .bss.thermal_cool_tick:00000000 thermal_cool_tick
C:\Users\24705\AppData\Local\Temp\ccFjiRSb.s:547    .bss.thermal_overheat_led_until:00000000 thermal_overheat_led_until
C:\Users\24705\AppData\Local\Temp\ccFjiRSb.s:59     .text.Thermal_Update:00000000 $t
C:\Users\24705\AppData\Local\Temp\ccFjiRSb.s:65     .text.Thermal_Update:00000000 Thermal_Update
C:\Users\24705\AppData\Local\Temp\ccFjiRSb.s:200    .text.Thermal_Update:0000005c $d
C:\Users\24705\AppData\Local\Temp\ccFjiRSb.s:206    .text.Thermal_AddShot:00000000 $t
C:\Users\24705\AppData\Local\Temp\ccFjiRSb.s:212    .text.Thermal_AddShot:00000000 Thermal_AddShot
C:\Users\24705\AppData\Local\Temp\ccFjiRSb.s:338    .text.Thermal_AddShot:00000048 $d
C:\Users\24705\AppData\Local\Temp\ccFjiRSb.s:346    .text.Thermal_SetHeat:00000000 $t
C:\Users\24705\AppData\Local\Temp\ccFjiRSb.s:352    .text.Thermal_SetHeat:00000000 Thermal_SetHeat
C:\Users\24705\AppData\Local\Temp\ccFjiRSb.s:470    .text.Thermal_SetHeat:00000030 $d
C:\Users\24705\AppData\Local\Temp\ccFjiRSb.s:478    .text.Thermal_GetHeat:00000000 $t
C:\Users\24705\AppData\Local\Temp\ccFjiRSb.s:484    .text.Thermal_GetHeat:00000000 Thermal_GetHeat
C:\Users\24705\AppData\Local\Temp\ccFjiRSb.s:502    .text.Thermal_GetHeat:00000008 $d
C:\Users\24705\AppData\Local\Temp\ccFjiRSb.s:507    .text.Thermal_IsOverheatIndicatorActive:00000000 $t
C:\Users\24705\AppData\Local\Temp\ccFjiRSb.s:513    .text.Thermal_IsOverheatIndicatorActive:00000000 Thermal_IsOverheatIndicatorActive
C:\Users\24705\AppData\Local\Temp\ccFjiRSb.s:539    .text.Thermal_IsOverheatIndicatorActive:00000010 $d
C:\Users\24705\AppData\Local\Temp\ccFjiRSb.s:544    .bss.thermal_overheat_led_until:00000000 $d
C:\Users\24705\AppData\Local\Temp\ccFjiRSb.s:550    .bss.thermal_cool_tick:00000000 $d
C:\Users\24705\AppData\Local\Temp\ccFjiRSb.s:559    .bss.thermal_heat:00000000 $d

NO UNDEFINED SYMBOLS
