ARM GAS  C:\Users\24705\AppData\Local\Temp\ccGWONCY.s 			page 1


   1              		.cpu cortex-m0
   2              		.arch armv6s-m
   3              		.fpu softvfp
   4              		.eabi_attribute 20, 1
   5              		.eabi_attribute 21, 1
   6              		.eabi_attribute 23, 3
   7              		.eabi_attribute 24, 1
   8              		.eabi_attribute 25, 1
   9              		.eabi_attribute 26, 1
  10              		.eabi_attribute 30, 1
  11              		.eabi_attribute 34, 0
  12              		.eabi_attribute 18, 4
  13              		.file	"vcnl4040.c"
  14              		.text
  15              	.Ltext0:
  16              		.cfi_sections	.debug_frame
  17              		.file 1 "Core/Src/vcnl4040.c"
  18              		.section	.text.VCNL4040_ReadReg,"ax",%progbits
  19              		.align	1
  20              		.syntax unified
  21              		.code	16
  22              		.thumb_func
  24              	VCNL4040_ReadReg:
  25              	.LVL0:
  26              	.LFB40:
   1:Core/Src/vcnl4040.c **** /**
   2:Core/Src/vcnl4040.c ****   ******************************************************************************
   3:Core/Src/vcnl4040.c ****   * @file           : vcnl4040.c
   4:Core/Src/vcnl4040.c ****   * @brief          : VCNL4040 proximity sensor driver, STM32 HAL I2C backend
   5:Core/Src/vcnl4040.c ****   ******************************************************************************
   6:Core/Src/vcnl4040.c ****   */
   7:Core/Src/vcnl4040.c **** 
   8:Core/Src/vcnl4040.c **** #include "vcnl4040.h"
   9:Core/Src/vcnl4040.c **** 
  10:Core/Src/vcnl4040.c **** static HAL_StatusTypeDef VCNL4040_ReadReg(I2C_HandleTypeDef *hi2c,
  11:Core/Src/vcnl4040.c ****                                           uint8_t reg, uint16_t *data)
  12:Core/Src/vcnl4040.c **** {
  27              		.loc 1 12 1 view -0
  28              		.cfi_startproc
  29              		@ args = 0, pretend = 0, frame = 8
  30              		@ frame_needed = 0, uses_anonymous_args = 0
  31              		.loc 1 12 1 is_stmt 0 view .LVU1
  32 0000 10B5     		push	{r4, lr}
  33              	.LCFI0:
  34              		.cfi_def_cfa_offset 8
  35              		.cfi_offset 4, -8
  36              		.cfi_offset 14, -4
  37 0002 86B0     		sub	sp, sp, #24
  38              	.LCFI1:
  39              		.cfi_def_cfa_offset 32
  40 0004 1400     		movs	r4, r2
  13:Core/Src/vcnl4040.c ****     uint8_t buf[2] = {0};
  41              		.loc 1 13 5 is_stmt 1 view .LVU2
  42              		.loc 1 13 13 is_stmt 0 view .LVU3
  43 0006 05AB     		add	r3, sp, #20
  44 0008 0022     		movs	r2, #0
  45              	.LVL1:
ARM GAS  C:\Users\24705\AppData\Local\Temp\ccGWONCY.s 			page 2


  46              		.loc 1 13 13 view .LVU4
  47 000a 1A80     		strh	r2, [r3]
  14:Core/Src/vcnl4040.c ****     HAL_StatusTypeDef status;
  48              		.loc 1 14 5 is_stmt 1 view .LVU5
  15:Core/Src/vcnl4040.c **** 
  16:Core/Src/vcnl4040.c ****     status = HAL_I2C_Mem_Read(hi2c, VCNL4040_I2C_ADDR, reg,
  49              		.loc 1 16 5 view .LVU6
  50              		.loc 1 16 14 is_stmt 0 view .LVU7
  51 000c 0532     		adds	r2, r2, #5
  52 000e 0292     		str	r2, [sp, #8]
  53 0010 033A     		subs	r2, r2, #3
  54 0012 0192     		str	r2, [sp, #4]
  55 0014 0093     		str	r3, [sp]
  56 0016 0123     		movs	r3, #1
  57 0018 0A00     		movs	r2, r1
  58 001a C021     		movs	r1, #192
  59              	.LVL2:
  60              		.loc 1 16 14 view .LVU8
  61 001c FFF7FEFF 		bl	HAL_I2C_Mem_Read
  62              	.LVL3:
  17:Core/Src/vcnl4040.c ****                               I2C_MEMADD_SIZE_8BIT, buf, 2,
  18:Core/Src/vcnl4040.c ****                               VCNL4040_I2C_TIMEOUT_MS);
  19:Core/Src/vcnl4040.c ****     if (status == HAL_OK) {
  63              		.loc 1 19 5 is_stmt 1 view .LVU9
  64              		.loc 1 19 8 is_stmt 0 view .LVU10
  65 0020 0028     		cmp	r0, #0
  66 0022 05D1     		bne	.L2
  20:Core/Src/vcnl4040.c ****         *data = (uint16_t)buf[0] | ((uint16_t)buf[1] << 8);
  67              		.loc 1 20 9 is_stmt 1 view .LVU11
  68              		.loc 1 20 30 is_stmt 0 view .LVU12
  69 0024 05AA     		add	r2, sp, #20
  70 0026 1378     		ldrb	r3, [r2]
  71              		.loc 1 20 50 view .LVU13
  72 0028 5278     		ldrb	r2, [r2, #1]
  73              		.loc 1 20 34 view .LVU14
  74 002a 1202     		lsls	r2, r2, #8
  75 002c 1343     		orrs	r3, r2
  76              		.loc 1 20 15 view .LVU15
  77 002e 2380     		strh	r3, [r4]
  78              	.L2:
  21:Core/Src/vcnl4040.c ****     }
  22:Core/Src/vcnl4040.c ****     return status;
  79              		.loc 1 22 5 is_stmt 1 view .LVU16
  23:Core/Src/vcnl4040.c **** }
  80              		.loc 1 23 1 is_stmt 0 view .LVU17
  81 0030 06B0     		add	sp, sp, #24
  82              		@ sp needed
  83              	.LVL4:
  84              		.loc 1 23 1 view .LVU18
  85 0032 10BD     		pop	{r4, pc}
  86              		.cfi_endproc
  87              	.LFE40:
  89              		.section	.text.VCNL4040_WriteReg,"ax",%progbits
  90              		.align	1
  91              		.syntax unified
  92              		.code	16
  93              		.thumb_func
ARM GAS  C:\Users\24705\AppData\Local\Temp\ccGWONCY.s 			page 3


  95              	VCNL4040_WriteReg:
  96              	.LVL5:
  97              	.LFB41:
  24:Core/Src/vcnl4040.c **** 
  25:Core/Src/vcnl4040.c **** static HAL_StatusTypeDef VCNL4040_WriteReg(I2C_HandleTypeDef *hi2c,
  26:Core/Src/vcnl4040.c ****                                            uint8_t reg, uint16_t data)
  27:Core/Src/vcnl4040.c **** {
  98              		.loc 1 27 1 is_stmt 1 view -0
  99              		.cfi_startproc
 100              		@ args = 0, pretend = 0, frame = 8
 101              		@ frame_needed = 0, uses_anonymous_args = 0
 102              		.loc 1 27 1 is_stmt 0 view .LVU20
 103 0000 00B5     		push	{lr}
 104              	.LCFI2:
 105              		.cfi_def_cfa_offset 4
 106              		.cfi_offset 14, -4
 107 0002 87B0     		sub	sp, sp, #28
 108              	.LCFI3:
 109              		.cfi_def_cfa_offset 32
  28:Core/Src/vcnl4040.c ****     uint8_t buf[2];
 110              		.loc 1 28 5 is_stmt 1 view .LVU21
  29:Core/Src/vcnl4040.c **** 
  30:Core/Src/vcnl4040.c ****     buf[0] = (uint8_t)(data & 0xFF);
 111              		.loc 1 30 5 view .LVU22
 112              		.loc 1 30 12 is_stmt 0 view .LVU23
 113 0004 05AB     		add	r3, sp, #20
 114 0006 1A70     		strb	r2, [r3]
  31:Core/Src/vcnl4040.c ****     buf[1] = (uint8_t)((data >> 8) & 0xFF);
 115              		.loc 1 31 5 is_stmt 1 view .LVU24
 116              		.loc 1 31 14 is_stmt 0 view .LVU25
 117 0008 120A     		lsrs	r2, r2, #8
 118              	.LVL6:
 119              		.loc 1 31 12 view .LVU26
 120 000a 5A70     		strb	r2, [r3, #1]
  32:Core/Src/vcnl4040.c **** 
  33:Core/Src/vcnl4040.c ****     return HAL_I2C_Mem_Write(hi2c, VCNL4040_I2C_ADDR, reg,
 121              		.loc 1 33 5 is_stmt 1 view .LVU27
 122              		.loc 1 33 12 is_stmt 0 view .LVU28
 123 000c 0522     		movs	r2, #5
 124 000e 0292     		str	r2, [sp, #8]
 125 0010 033A     		subs	r2, r2, #3
 126 0012 0192     		str	r2, [sp, #4]
 127 0014 0093     		str	r3, [sp]
 128 0016 0123     		movs	r3, #1
 129 0018 0A00     		movs	r2, r1
 130 001a C021     		movs	r1, #192
 131              	.LVL7:
 132              		.loc 1 33 12 view .LVU29
 133 001c FFF7FEFF 		bl	HAL_I2C_Mem_Write
 134              	.LVL8:
  34:Core/Src/vcnl4040.c ****                              I2C_MEMADD_SIZE_8BIT, buf, 2,
  35:Core/Src/vcnl4040.c ****                              VCNL4040_I2C_TIMEOUT_MS);
  36:Core/Src/vcnl4040.c **** }
 135              		.loc 1 36 1 view .LVU30
 136 0020 07B0     		add	sp, sp, #28
 137              		@ sp needed
 138 0022 00BD     		pop	{pc}
ARM GAS  C:\Users\24705\AppData\Local\Temp\ccGWONCY.s 			page 4


 139              		.cfi_endproc
 140              	.LFE41:
 142              		.section	.text.VCNL4040_ModifyReg,"ax",%progbits
 143              		.align	1
 144              		.syntax unified
 145              		.code	16
 146              		.thumb_func
 148              	VCNL4040_ModifyReg:
 149              	.LVL9:
 150              	.LFB42:
  37:Core/Src/vcnl4040.c **** 
  38:Core/Src/vcnl4040.c **** static void VCNL4040_ModifyReg(I2C_HandleTypeDef *hi2c, uint8_t reg,
  39:Core/Src/vcnl4040.c ****                                uint16_t mask, uint16_t value)
  40:Core/Src/vcnl4040.c **** {
 151              		.loc 1 40 1 is_stmt 1 view -0
 152              		.cfi_startproc
 153              		@ args = 0, pretend = 0, frame = 8
 154              		@ frame_needed = 0, uses_anonymous_args = 0
 155              		.loc 1 40 1 is_stmt 0 view .LVU32
 156 0000 F0B5     		push	{r4, r5, r6, r7, lr}
 157              	.LCFI4:
 158              		.cfi_def_cfa_offset 20
 159              		.cfi_offset 4, -20
 160              		.cfi_offset 5, -16
 161              		.cfi_offset 6, -12
 162              		.cfi_offset 7, -8
 163              		.cfi_offset 14, -4
 164 0002 83B0     		sub	sp, sp, #12
 165              	.LCFI5:
 166              		.cfi_def_cfa_offset 32
 167 0004 0500     		movs	r5, r0
 168 0006 0E00     		movs	r6, r1
 169 0008 1700     		movs	r7, r2
 170 000a 1C00     		movs	r4, r3
  41:Core/Src/vcnl4040.c ****     uint16_t reg_val = 0;
 171              		.loc 1 41 5 is_stmt 1 view .LVU33
 172              		.loc 1 41 14 is_stmt 0 view .LVU34
 173 000c 6B46     		mov	r3, sp
 174              	.LVL10:
 175              		.loc 1 41 14 view .LVU35
 176 000e 9A1D     		adds	r2, r3, #6
 177              	.LVL11:
 178              		.loc 1 41 14 view .LVU36
 179 0010 0023     		movs	r3, #0
 180 0012 1380     		strh	r3, [r2]
  42:Core/Src/vcnl4040.c **** 
  43:Core/Src/vcnl4040.c ****     if (VCNL4040_ReadReg(hi2c, reg, &reg_val) == HAL_OK) {
 181              		.loc 1 43 5 is_stmt 1 view .LVU37
 182              		.loc 1 43 9 is_stmt 0 view .LVU38
 183 0014 FFF7FEFF 		bl	VCNL4040_ReadReg
 184              	.LVL12:
 185              		.loc 1 43 8 discriminator 1 view .LVU39
 186 0018 0028     		cmp	r0, #0
 187 001a 01D0     		beq	.L6
 188              	.L4:
  44:Core/Src/vcnl4040.c ****         reg_val = (reg_val & ~mask) | (value & mask);
  45:Core/Src/vcnl4040.c ****         VCNL4040_WriteReg(hi2c, reg, reg_val);
ARM GAS  C:\Users\24705\AppData\Local\Temp\ccGWONCY.s 			page 5


  46:Core/Src/vcnl4040.c ****     }
  47:Core/Src/vcnl4040.c **** }
 189              		.loc 1 47 1 view .LVU40
 190 001c 03B0     		add	sp, sp, #12
 191              		@ sp needed
 192              	.LVL13:
 193              	.LVL14:
 194              	.LVL15:
 195              	.LVL16:
 196              		.loc 1 47 1 view .LVU41
 197 001e F0BD     		pop	{r4, r5, r6, r7, pc}
 198              	.LVL17:
 199              	.L6:
  44:Core/Src/vcnl4040.c ****         reg_val = (reg_val & ~mask) | (value & mask);
 200              		.loc 1 44 9 is_stmt 1 view .LVU42
  44:Core/Src/vcnl4040.c ****         reg_val = (reg_val & ~mask) | (value & mask);
 201              		.loc 1 44 28 is_stmt 0 view .LVU43
 202 0020 FB43     		mvns	r3, r7
 203 0022 1BB2     		sxth	r3, r3
 204 0024 6A46     		mov	r2, sp
 205 0026 911D     		adds	r1, r2, #6
 206 0028 D088     		ldrh	r0, [r2, #6]
  44:Core/Src/vcnl4040.c ****         reg_val = (reg_val & ~mask) | (value & mask);
 207              		.loc 1 44 37 view .LVU44
 208 002a 2200     		movs	r2, r4
 209 002c 3A40     		ands	r2, r7
 210 002e 0340     		ands	r3, r0
 211 0030 1A43     		orrs	r2, r3
  44:Core/Src/vcnl4040.c ****         reg_val = (reg_val & ~mask) | (value & mask);
 212              		.loc 1 44 17 view .LVU45
 213 0032 0A80     		strh	r2, [r1]
  45:Core/Src/vcnl4040.c ****     }
 214              		.loc 1 45 9 is_stmt 1 view .LVU46
 215 0034 3100     		movs	r1, r6
 216 0036 2800     		movs	r0, r5
 217 0038 FFF7FEFF 		bl	VCNL4040_WriteReg
 218              	.LVL18:
 219              		.loc 1 47 1 is_stmt 0 view .LVU47
 220 003c EEE7     		b	.L4
 221              		.cfi_endproc
 222              	.LFE42:
 224              		.section	.text.VCNL4040_Init,"ax",%progbits
 225              		.align	1
 226              		.global	VCNL4040_Init
 227              		.syntax unified
 228              		.code	16
 229              		.thumb_func
 231              	VCNL4040_Init:
 232              	.LVL19:
 233              	.LFB43:
  48:Core/Src/vcnl4040.c **** 
  49:Core/Src/vcnl4040.c **** HAL_StatusTypeDef VCNL4040_Init(I2C_HandleTypeDef *hi2c)
  50:Core/Src/vcnl4040.c **** {
 234              		.loc 1 50 1 is_stmt 1 view -0
 235              		.cfi_startproc
 236              		@ args = 0, pretend = 0, frame = 8
 237              		@ frame_needed = 0, uses_anonymous_args = 0
ARM GAS  C:\Users\24705\AppData\Local\Temp\ccGWONCY.s 			page 6


 238              		.loc 1 50 1 is_stmt 0 view .LVU49
 239 0000 10B5     		push	{r4, lr}
 240              	.LCFI6:
 241              		.cfi_def_cfa_offset 8
 242              		.cfi_offset 4, -8
 243              		.cfi_offset 14, -4
 244 0002 82B0     		sub	sp, sp, #8
 245              	.LCFI7:
 246              		.cfi_def_cfa_offset 16
 247 0004 0400     		movs	r4, r0
  51:Core/Src/vcnl4040.c ****     HAL_StatusTypeDef status;
 248              		.loc 1 51 5 is_stmt 1 view .LVU50
  52:Core/Src/vcnl4040.c ****     uint16_t dev_id = 0;
 249              		.loc 1 52 5 view .LVU51
 250              		.loc 1 52 14 is_stmt 0 view .LVU52
 251 0006 6B46     		mov	r3, sp
 252 0008 0022     		movs	r2, #0
 253 000a DA80     		strh	r2, [r3, #6]
  53:Core/Src/vcnl4040.c **** 
  54:Core/Src/vcnl4040.c ****     status = HAL_I2C_IsDeviceReady(hi2c, VCNL4040_I2C_ADDR, 2, 10);
 254              		.loc 1 54 5 is_stmt 1 view .LVU53
 255              		.loc 1 54 14 is_stmt 0 view .LVU54
 256 000c 0A23     		movs	r3, #10
 257 000e 0232     		adds	r2, r2, #2
 258 0010 C021     		movs	r1, #192
 259 0012 FFF7FEFF 		bl	HAL_I2C_IsDeviceReady
 260              	.LVL20:
  55:Core/Src/vcnl4040.c ****     if (status != HAL_OK) {
 261              		.loc 1 55 5 is_stmt 1 view .LVU55
 262              		.loc 1 55 8 is_stmt 0 view .LVU56
 263 0016 0028     		cmp	r0, #0
 264 0018 01D0     		beq	.L10
 265              	.LVL21:
 266              	.L8:
  56:Core/Src/vcnl4040.c ****         return status;
  57:Core/Src/vcnl4040.c ****     }
  58:Core/Src/vcnl4040.c **** 
  59:Core/Src/vcnl4040.c ****     status = VCNL4040_ReadReg(hi2c, VCNL4040_REG_DEVICE_ID, &dev_id);
  60:Core/Src/vcnl4040.c ****     if (status != HAL_OK) {
  61:Core/Src/vcnl4040.c ****         return status;
  62:Core/Src/vcnl4040.c ****     }
  63:Core/Src/vcnl4040.c ****     if (dev_id != VCNL4040_EXPECTED_ID) {
  64:Core/Src/vcnl4040.c ****         return HAL_ERROR;
  65:Core/Src/vcnl4040.c ****     }
  66:Core/Src/vcnl4040.c **** 
  67:Core/Src/vcnl4040.c ****     /* PS_CONF1_2: PS enabled, 16-bit proximity, interrupt disabled for now.
  68:Core/Src/vcnl4040.c ****        Keep the original reference configuration for PS_IT and PS_DUTY. */
  69:Core/Src/vcnl4040.c ****     uint16_t ps_conf = 0x0800
  70:Core/Src/vcnl4040.c ****                      | ((uint16_t)(VCNL4040_DEFAULT_PROX_INT_TIME & 0x07) << 1);
  71:Core/Src/vcnl4040.c ****     status = VCNL4040_WriteReg(hi2c, VCNL4040_REG_PS_CONF1_2, ps_conf);
  72:Core/Src/vcnl4040.c ****     if (status != HAL_OK) return status;
  73:Core/Src/vcnl4040.c **** 
  74:Core/Src/vcnl4040.c ****     /* PS_MS: LED current is in bits [10:8]; WHITE_EN bit[15] stays clear. */
  75:Core/Src/vcnl4040.c ****     uint16_t ps_ms = ((uint16_t)(VCNL4040_DEFAULT_LED_CURRENT & 0x07) << 8);
  76:Core/Src/vcnl4040.c ****     status = VCNL4040_WriteReg(hi2c, VCNL4040_REG_PS_MS, ps_ms);
  77:Core/Src/vcnl4040.c ****     if (status != HAL_OK) return status;
  78:Core/Src/vcnl4040.c **** 
ARM GAS  C:\Users\24705\AppData\Local\Temp\ccGWONCY.s 			page 7


  79:Core/Src/vcnl4040.c ****     /* ALS is not used. */
  80:Core/Src/vcnl4040.c ****     status = VCNL4040_WriteReg(hi2c, VCNL4040_REG_ALS_CONF, 0x0001);
  81:Core/Src/vcnl4040.c ****     if (status != HAL_OK) return status;
  82:Core/Src/vcnl4040.c **** 
  83:Core/Src/vcnl4040.c ****     return HAL_OK;
  84:Core/Src/vcnl4040.c **** }
 267              		.loc 1 84 1 view .LVU57
 268 001a 02B0     		add	sp, sp, #8
 269              		@ sp needed
 270              	.LVL22:
 271              		.loc 1 84 1 view .LVU58
 272 001c 10BD     		pop	{r4, pc}
 273              	.LVL23:
 274              	.L10:
  59:Core/Src/vcnl4040.c ****     if (status != HAL_OK) {
 275              		.loc 1 59 5 is_stmt 1 view .LVU59
  59:Core/Src/vcnl4040.c ****     if (status != HAL_OK) {
 276              		.loc 1 59 14 is_stmt 0 view .LVU60
 277 001e 6B46     		mov	r3, sp
 278 0020 9A1D     		adds	r2, r3, #6
 279 0022 0C21     		movs	r1, #12
 280 0024 2000     		movs	r0, r4
 281              	.LVL24:
  59:Core/Src/vcnl4040.c ****     if (status != HAL_OK) {
 282              		.loc 1 59 14 view .LVU61
 283 0026 FFF7FEFF 		bl	VCNL4040_ReadReg
 284              	.LVL25:
  60:Core/Src/vcnl4040.c ****         return status;
 285              		.loc 1 60 5 is_stmt 1 view .LVU62
  60:Core/Src/vcnl4040.c ****         return status;
 286              		.loc 1 60 8 is_stmt 0 view .LVU63
 287 002a 0028     		cmp	r0, #0
 288 002c F5D1     		bne	.L8
  63:Core/Src/vcnl4040.c ****         return HAL_ERROR;
 289              		.loc 1 63 5 is_stmt 1 view .LVU64
  63:Core/Src/vcnl4040.c ****         return HAL_ERROR;
 290              		.loc 1 63 16 is_stmt 0 view .LVU65
 291 002e 6B46     		mov	r3, sp
 292 0030 DA88     		ldrh	r2, [r3, #6]
  63:Core/Src/vcnl4040.c ****         return HAL_ERROR;
 293              		.loc 1 63 8 view .LVU66
 294 0032 C323     		movs	r3, #195
 295 0034 5B00     		lsls	r3, r3, #1
 296 0036 9A42     		cmp	r2, r3
 297 0038 01D0     		beq	.L11
  64:Core/Src/vcnl4040.c ****     }
 298              		.loc 1 64 16 view .LVU67
 299 003a 0120     		movs	r0, #1
 300              	.LVL26:
  64:Core/Src/vcnl4040.c ****     }
 301              		.loc 1 64 16 view .LVU68
 302 003c EDE7     		b	.L8
 303              	.LVL27:
 304              	.L11:
  69:Core/Src/vcnl4040.c ****                      | ((uint16_t)(VCNL4040_DEFAULT_PROX_INT_TIME & 0x07) << 1);
 305              		.loc 1 69 5 is_stmt 1 view .LVU69
  71:Core/Src/vcnl4040.c ****     if (status != HAL_OK) return status;
ARM GAS  C:\Users\24705\AppData\Local\Temp\ccGWONCY.s 			page 8


 306              		.loc 1 71 5 view .LVU70
  71:Core/Src/vcnl4040.c ****     if (status != HAL_OK) return status;
 307              		.loc 1 71 14 is_stmt 0 view .LVU71
 308 003e 0A4A     		ldr	r2, .L12
 309 0040 0321     		movs	r1, #3
 310 0042 2000     		movs	r0, r4
 311              	.LVL28:
  71:Core/Src/vcnl4040.c ****     if (status != HAL_OK) return status;
 312              		.loc 1 71 14 view .LVU72
 313 0044 FFF7FEFF 		bl	VCNL4040_WriteReg
 314              	.LVL29:
  72:Core/Src/vcnl4040.c **** 
 315              		.loc 1 72 5 is_stmt 1 view .LVU73
  72:Core/Src/vcnl4040.c **** 
 316              		.loc 1 72 8 is_stmt 0 view .LVU74
 317 0048 0028     		cmp	r0, #0
 318 004a E6D1     		bne	.L8
  75:Core/Src/vcnl4040.c ****     status = VCNL4040_WriteReg(hi2c, VCNL4040_REG_PS_MS, ps_ms);
 319              		.loc 1 75 5 is_stmt 1 view .LVU75
 320              	.LVL30:
  76:Core/Src/vcnl4040.c ****     if (status != HAL_OK) return status;
 321              		.loc 1 76 5 view .LVU76
  76:Core/Src/vcnl4040.c ****     if (status != HAL_OK) return status;
 322              		.loc 1 76 14 is_stmt 0 view .LVU77
 323 004c C022     		movs	r2, #192
 324 004e D200     		lsls	r2, r2, #3
 325 0050 0421     		movs	r1, #4
 326 0052 2000     		movs	r0, r4
 327              	.LVL31:
  76:Core/Src/vcnl4040.c ****     if (status != HAL_OK) return status;
 328              		.loc 1 76 14 view .LVU78
 329 0054 FFF7FEFF 		bl	VCNL4040_WriteReg
 330              	.LVL32:
  77:Core/Src/vcnl4040.c **** 
 331              		.loc 1 77 5 is_stmt 1 view .LVU79
  77:Core/Src/vcnl4040.c **** 
 332              		.loc 1 77 8 is_stmt 0 view .LVU80
 333 0058 0028     		cmp	r0, #0
 334 005a DED1     		bne	.L8
  80:Core/Src/vcnl4040.c ****     if (status != HAL_OK) return status;
 335              		.loc 1 80 5 is_stmt 1 view .LVU81
  80:Core/Src/vcnl4040.c ****     if (status != HAL_OK) return status;
 336              		.loc 1 80 14 is_stmt 0 view .LVU82
 337 005c 0122     		movs	r2, #1
 338 005e 0021     		movs	r1, #0
 339 0060 2000     		movs	r0, r4
 340              	.LVL33:
  80:Core/Src/vcnl4040.c ****     if (status != HAL_OK) return status;
 341              		.loc 1 80 14 view .LVU83
 342 0062 FFF7FEFF 		bl	VCNL4040_WriteReg
 343              	.LVL34:
  81:Core/Src/vcnl4040.c **** 
 344              		.loc 1 81 5 is_stmt 1 view .LVU84
 345 0066 D8E7     		b	.L8
 346              	.L13:
 347              		.align	2
 348              	.L12:
ARM GAS  C:\Users\24705\AppData\Local\Temp\ccGWONCY.s 			page 9


 349 0068 06080000 		.word	2054
 350              		.cfi_endproc
 351              	.LFE43:
 353              		.section	.text.VCNL4040_CheckDevice,"ax",%progbits
 354              		.align	1
 355              		.global	VCNL4040_CheckDevice
 356              		.syntax unified
 357              		.code	16
 358              		.thumb_func
 360              	VCNL4040_CheckDevice:
 361              	.LVL35:
 362              	.LFB44:
  85:Core/Src/vcnl4040.c **** 
  86:Core/Src/vcnl4040.c **** bool VCNL4040_CheckDevice(I2C_HandleTypeDef *hi2c)
  87:Core/Src/vcnl4040.c **** {
 363              		.loc 1 87 1 view -0
 364              		.cfi_startproc
 365              		@ args = 0, pretend = 0, frame = 8
 366              		@ frame_needed = 0, uses_anonymous_args = 0
 367              		.loc 1 87 1 is_stmt 0 view .LVU86
 368 0000 00B5     		push	{lr}
 369              	.LCFI8:
 370              		.cfi_def_cfa_offset 4
 371              		.cfi_offset 14, -4
 372 0002 83B0     		sub	sp, sp, #12
 373              	.LCFI9:
 374              		.cfi_def_cfa_offset 16
  88:Core/Src/vcnl4040.c ****     uint16_t dev_id = 0;
 375              		.loc 1 88 5 is_stmt 1 view .LVU87
 376              		.loc 1 88 14 is_stmt 0 view .LVU88
 377 0004 6B46     		mov	r3, sp
 378 0006 9A1D     		adds	r2, r3, #6
 379 0008 0023     		movs	r3, #0
 380 000a 1380     		strh	r3, [r2]
  89:Core/Src/vcnl4040.c **** 
  90:Core/Src/vcnl4040.c ****     if (VCNL4040_ReadReg(hi2c, VCNL4040_REG_DEVICE_ID, &dev_id) != HAL_OK) {
 381              		.loc 1 90 5 is_stmt 1 view .LVU89
 382              		.loc 1 90 9 is_stmt 0 view .LVU90
 383 000c 0C21     		movs	r1, #12
 384 000e FFF7FEFF 		bl	VCNL4040_ReadReg
 385              	.LVL36:
 386              		.loc 1 90 8 discriminator 1 view .LVU91
 387 0012 0028     		cmp	r0, #0
 388 0014 08D1     		bne	.L16
  91:Core/Src/vcnl4040.c ****         return false;
  92:Core/Src/vcnl4040.c ****     }
  93:Core/Src/vcnl4040.c **** 
  94:Core/Src/vcnl4040.c ****     return (dev_id == VCNL4040_EXPECTED_ID);
 389              		.loc 1 94 5 is_stmt 1 view .LVU92
 390 0016 6B46     		mov	r3, sp
 391 0018 D888     		ldrh	r0, [r3, #6]
 392              		.loc 1 94 20 is_stmt 0 view .LVU93
 393 001a 8738     		subs	r0, r0, #135
 394 001c FF38     		subs	r0, r0, #255
 395 001e 4342     		rsbs	r3, r0, #0
 396 0020 5841     		adcs	r0, r0, r3
 397 0022 C0B2     		uxtb	r0, r0
ARM GAS  C:\Users\24705\AppData\Local\Temp\ccGWONCY.s 			page 10


 398              	.L15:
  95:Core/Src/vcnl4040.c **** }
 399              		.loc 1 95 1 view .LVU94
 400 0024 03B0     		add	sp, sp, #12
 401              		@ sp needed
 402 0026 00BD     		pop	{pc}
 403              	.L16:
  91:Core/Src/vcnl4040.c ****         return false;
 404              		.loc 1 91 16 view .LVU95
 405 0028 0020     		movs	r0, #0
 406 002a FBE7     		b	.L15
 407              		.cfi_endproc
 408              	.LFE44:
 410              		.section	.text.VCNL4040_EnableProximity,"ax",%progbits
 411              		.align	1
 412              		.global	VCNL4040_EnableProximity
 413              		.syntax unified
 414              		.code	16
 415              		.thumb_func
 417              	VCNL4040_EnableProximity:
 418              	.LVL37:
 419              	.LFB45:
  96:Core/Src/vcnl4040.c **** 
  97:Core/Src/vcnl4040.c **** void VCNL4040_EnableProximity(I2C_HandleTypeDef *hi2c, bool enable)
  98:Core/Src/vcnl4040.c **** {
 420              		.loc 1 98 1 is_stmt 1 view -0
 421              		.cfi_startproc
 422              		@ args = 0, pretend = 0, frame = 0
 423              		@ frame_needed = 0, uses_anonymous_args = 0
 424              		.loc 1 98 1 is_stmt 0 view .LVU97
 425 0000 10B5     		push	{r4, lr}
 426              	.LCFI10:
 427              		.cfi_def_cfa_offset 8
 428              		.cfi_offset 4, -8
 429              		.cfi_offset 14, -4
  99:Core/Src/vcnl4040.c ****     VCNL4040_ModifyReg(hi2c, VCNL4040_REG_PS_CONF1_2, 0x0001,
 430              		.loc 1 99 5 is_stmt 1 view .LVU98
 100:Core/Src/vcnl4040.c ****                        enable ? 0x0000 : 0x0001);
 431              		.loc 1 100 40 is_stmt 0 view .LVU99
 432 0002 0123     		movs	r3, #1
 433 0004 4B40     		eors	r3, r1
 434 0006 DBB2     		uxtb	r3, r3
  99:Core/Src/vcnl4040.c ****     VCNL4040_ModifyReg(hi2c, VCNL4040_REG_PS_CONF1_2, 0x0001,
 435              		.loc 1 99 5 view .LVU100
 436 0008 0122     		movs	r2, #1
 437 000a 0321     		movs	r1, #3
 438              	.LVL38:
  99:Core/Src/vcnl4040.c ****     VCNL4040_ModifyReg(hi2c, VCNL4040_REG_PS_CONF1_2, 0x0001,
 439              		.loc 1 99 5 view .LVU101
 440 000c FFF7FEFF 		bl	VCNL4040_ModifyReg
 441              	.LVL39:
 101:Core/Src/vcnl4040.c **** }
 442              		.loc 1 101 1 view .LVU102
 443              		@ sp needed
 444 0010 10BD     		pop	{r4, pc}
 445              		.cfi_endproc
 446              	.LFE45:
ARM GAS  C:\Users\24705\AppData\Local\Temp\ccGWONCY.s 			page 11


 448              		.section	.text.VCNL4040_EnableAmbientLight,"ax",%progbits
 449              		.align	1
 450              		.global	VCNL4040_EnableAmbientLight
 451              		.syntax unified
 452              		.code	16
 453              		.thumb_func
 455              	VCNL4040_EnableAmbientLight:
 456              	.LVL40:
 457              	.LFB46:
 102:Core/Src/vcnl4040.c **** 
 103:Core/Src/vcnl4040.c **** void VCNL4040_EnableAmbientLight(I2C_HandleTypeDef *hi2c, bool enable)
 104:Core/Src/vcnl4040.c **** {
 458              		.loc 1 104 1 is_stmt 1 view -0
 459              		.cfi_startproc
 460              		@ args = 0, pretend = 0, frame = 0
 461              		@ frame_needed = 0, uses_anonymous_args = 0
 462              		.loc 1 104 1 is_stmt 0 view .LVU104
 463 0000 10B5     		push	{r4, lr}
 464              	.LCFI11:
 465              		.cfi_def_cfa_offset 8
 466              		.cfi_offset 4, -8
 467              		.cfi_offset 14, -4
 105:Core/Src/vcnl4040.c ****     VCNL4040_ModifyReg(hi2c, VCNL4040_REG_ALS_CONF, 0x0001,
 468              		.loc 1 105 5 is_stmt 1 view .LVU105
 106:Core/Src/vcnl4040.c ****                        enable ? 0x0000 : 0x0001);
 469              		.loc 1 106 40 is_stmt 0 view .LVU106
 470 0002 0123     		movs	r3, #1
 471 0004 4B40     		eors	r3, r1
 472 0006 DBB2     		uxtb	r3, r3
 105:Core/Src/vcnl4040.c ****     VCNL4040_ModifyReg(hi2c, VCNL4040_REG_ALS_CONF, 0x0001,
 473              		.loc 1 105 5 view .LVU107
 474 0008 0122     		movs	r2, #1
 475 000a 0021     		movs	r1, #0
 476              	.LVL41:
 105:Core/Src/vcnl4040.c ****     VCNL4040_ModifyReg(hi2c, VCNL4040_REG_ALS_CONF, 0x0001,
 477              		.loc 1 105 5 view .LVU108
 478 000c FFF7FEFF 		bl	VCNL4040_ModifyReg
 479              	.LVL42:
 107:Core/Src/vcnl4040.c **** }
 480              		.loc 1 107 1 view .LVU109
 481              		@ sp needed
 482 0010 10BD     		pop	{r4, pc}
 483              		.cfi_endproc
 484              	.LFE46:
 486              		.section	.text.VCNL4040_EnableWhiteLight,"ax",%progbits
 487              		.align	1
 488              		.global	VCNL4040_EnableWhiteLight
 489              		.syntax unified
 490              		.code	16
 491              		.thumb_func
 493              	VCNL4040_EnableWhiteLight:
 494              	.LVL43:
 495              	.LFB47:
 108:Core/Src/vcnl4040.c **** 
 109:Core/Src/vcnl4040.c **** void VCNL4040_EnableWhiteLight(I2C_HandleTypeDef *hi2c, bool enable)
 110:Core/Src/vcnl4040.c **** {
 496              		.loc 1 110 1 is_stmt 1 view -0
ARM GAS  C:\Users\24705\AppData\Local\Temp\ccGWONCY.s 			page 12


 497              		.cfi_startproc
 498              		@ args = 0, pretend = 0, frame = 0
 499              		@ frame_needed = 0, uses_anonymous_args = 0
 500              		.loc 1 110 1 is_stmt 0 view .LVU111
 501 0000 10B5     		push	{r4, lr}
 502              	.LCFI12:
 503              		.cfi_def_cfa_offset 8
 504              		.cfi_offset 4, -8
 505              		.cfi_offset 14, -4
 111:Core/Src/vcnl4040.c ****     VCNL4040_ModifyReg(hi2c, VCNL4040_REG_PS_MS, 0x8000,
 506              		.loc 1 111 5 is_stmt 1 view .LVU112
 507 0002 0029     		cmp	r1, #0
 508 0004 07D0     		beq	.L21
 509              		.loc 1 111 5 is_stmt 0 discriminator 1 view .LVU113
 510 0006 8023     		movs	r3, #128
 511 0008 1B02     		lsls	r3, r3, #8
 512              	.L20:
 513              		.loc 1 111 5 discriminator 4 view .LVU114
 514 000a 8022     		movs	r2, #128
 515 000c 1202     		lsls	r2, r2, #8
 516 000e 0421     		movs	r1, #4
 517              	.LVL44:
 518              		.loc 1 111 5 discriminator 4 view .LVU115
 519 0010 FFF7FEFF 		bl	VCNL4040_ModifyReg
 520              	.LVL45:
 112:Core/Src/vcnl4040.c ****                        enable ? 0x8000 : 0x0000);
 113:Core/Src/vcnl4040.c **** }
 521              		.loc 1 113 1 view .LVU116
 522              		@ sp needed
 523 0014 10BD     		pop	{r4, pc}
 524              	.LVL46:
 525              	.L21:
 111:Core/Src/vcnl4040.c ****     VCNL4040_ModifyReg(hi2c, VCNL4040_REG_PS_MS, 0x8000,
 526              		.loc 1 111 5 discriminator 2 view .LVU117
 527 0016 0023     		movs	r3, #0
 528 0018 F7E7     		b	.L20
 529              		.cfi_endproc
 530              	.LFE47:
 532              		.section	.text.VCNL4040_SetLEDCurrent,"ax",%progbits
 533              		.align	1
 534              		.global	VCNL4040_SetLEDCurrent
 535              		.syntax unified
 536              		.code	16
 537              		.thumb_func
 539              	VCNL4040_SetLEDCurrent:
 540              	.LVL47:
 541              	.LFB48:
 114:Core/Src/vcnl4040.c **** 
 115:Core/Src/vcnl4040.c **** void VCNL4040_SetLEDCurrent(I2C_HandleTypeDef *hi2c, uint8_t current_code)
 116:Core/Src/vcnl4040.c **** {
 542              		.loc 1 116 1 is_stmt 1 view -0
 543              		.cfi_startproc
 544              		@ args = 0, pretend = 0, frame = 0
 545              		@ frame_needed = 0, uses_anonymous_args = 0
 546              		.loc 1 116 1 is_stmt 0 view .LVU119
 547 0000 10B5     		push	{r4, lr}
 548              	.LCFI13:
ARM GAS  C:\Users\24705\AppData\Local\Temp\ccGWONCY.s 			page 13


 549              		.cfi_def_cfa_offset 8
 550              		.cfi_offset 4, -8
 551              		.cfi_offset 14, -4
 117:Core/Src/vcnl4040.c ****     if (current_code > 7) current_code = 7;
 552              		.loc 1 117 5 is_stmt 1 view .LVU120
 553              		.loc 1 117 8 is_stmt 0 view .LVU121
 554 0002 0729     		cmp	r1, #7
 555 0004 00D9     		bls	.L23
 556              		.loc 1 117 40 discriminator 1 view .LVU122
 557 0006 0721     		movs	r1, #7
 558              	.LVL48:
 559              	.L23:
 118:Core/Src/vcnl4040.c ****     VCNL4040_ModifyReg(hi2c, VCNL4040_REG_PS_MS, 0x0700,
 560              		.loc 1 118 5 is_stmt 1 view .LVU123
 561 0008 0B02     		lsls	r3, r1, #8
 562 000a E022     		movs	r2, #224
 563 000c D200     		lsls	r2, r2, #3
 564 000e 0421     		movs	r1, #4
 565              	.LVL49:
 566              		.loc 1 118 5 is_stmt 0 view .LVU124
 567 0010 FFF7FEFF 		bl	VCNL4040_ModifyReg
 568              	.LVL50:
 119:Core/Src/vcnl4040.c ****                        (uint16_t)(current_code << 8));
 120:Core/Src/vcnl4040.c **** }
 569              		.loc 1 120 1 view .LVU125
 570              		@ sp needed
 571 0014 10BD     		pop	{r4, pc}
 572              		.cfi_endproc
 573              	.LFE48:
 575              		.section	.text.VCNL4040_SetLEDDutyCycle,"ax",%progbits
 576              		.align	1
 577              		.global	VCNL4040_SetLEDDutyCycle
 578              		.syntax unified
 579              		.code	16
 580              		.thumb_func
 582              	VCNL4040_SetLEDDutyCycle:
 583              	.LVL51:
 584              	.LFB49:
 121:Core/Src/vcnl4040.c **** 
 122:Core/Src/vcnl4040.c **** void VCNL4040_SetLEDDutyCycle(I2C_HandleTypeDef *hi2c, uint8_t duty_code)
 123:Core/Src/vcnl4040.c **** {
 585              		.loc 1 123 1 is_stmt 1 view -0
 586              		.cfi_startproc
 587              		@ args = 0, pretend = 0, frame = 0
 588              		@ frame_needed = 0, uses_anonymous_args = 0
 589              		.loc 1 123 1 is_stmt 0 view .LVU127
 590 0000 10B5     		push	{r4, lr}
 591              	.LCFI14:
 592              		.cfi_def_cfa_offset 8
 593              		.cfi_offset 4, -8
 594              		.cfi_offset 14, -4
 124:Core/Src/vcnl4040.c ****     if (duty_code > 3) duty_code = 3;
 595              		.loc 1 124 5 is_stmt 1 view .LVU128
 596              		.loc 1 124 8 is_stmt 0 view .LVU129
 597 0002 0329     		cmp	r1, #3
 598 0004 00D9     		bls	.L26
 599              		.loc 1 124 34 discriminator 1 view .LVU130
ARM GAS  C:\Users\24705\AppData\Local\Temp\ccGWONCY.s 			page 14


 600 0006 0321     		movs	r1, #3
 601              	.LVL52:
 602              	.L26:
 125:Core/Src/vcnl4040.c ****     VCNL4040_ModifyReg(hi2c, VCNL4040_REG_PS_CONF1_2, 0x00C0,
 603              		.loc 1 125 5 is_stmt 1 view .LVU131
 604 0008 8B01     		lsls	r3, r1, #6
 605 000a C022     		movs	r2, #192
 606 000c 0321     		movs	r1, #3
 607              	.LVL53:
 608              		.loc 1 125 5 is_stmt 0 view .LVU132
 609 000e FFF7FEFF 		bl	VCNL4040_ModifyReg
 610              	.LVL54:
 126:Core/Src/vcnl4040.c ****                        (uint16_t)(duty_code << 6));
 127:Core/Src/vcnl4040.c **** }
 611              		.loc 1 127 1 view .LVU133
 612              		@ sp needed
 613 0012 10BD     		pop	{r4, pc}
 614              		.cfi_endproc
 615              	.LFE49:
 617              		.section	.text.VCNL4040_SetProximityIntegrationTime,"ax",%progbits
 618              		.align	1
 619              		.global	VCNL4040_SetProximityIntegrationTime
 620              		.syntax unified
 621              		.code	16
 622              		.thumb_func
 624              	VCNL4040_SetProximityIntegrationTime:
 625              	.LVL55:
 626              	.LFB50:
 128:Core/Src/vcnl4040.c **** 
 129:Core/Src/vcnl4040.c **** void VCNL4040_SetProximityIntegrationTime(I2C_HandleTypeDef *hi2c,
 130:Core/Src/vcnl4040.c ****                                           uint8_t it_code)
 131:Core/Src/vcnl4040.c **** {
 627              		.loc 1 131 1 is_stmt 1 view -0
 628              		.cfi_startproc
 629              		@ args = 0, pretend = 0, frame = 0
 630              		@ frame_needed = 0, uses_anonymous_args = 0
 631              		.loc 1 131 1 is_stmt 0 view .LVU135
 632 0000 10B5     		push	{r4, lr}
 633              	.LCFI15:
 634              		.cfi_def_cfa_offset 8
 635              		.cfi_offset 4, -8
 636              		.cfi_offset 14, -4
 132:Core/Src/vcnl4040.c ****     if (it_code > 7) it_code = 7;
 637              		.loc 1 132 5 is_stmt 1 view .LVU136
 638              		.loc 1 132 8 is_stmt 0 view .LVU137
 639 0002 0729     		cmp	r1, #7
 640 0004 00D9     		bls	.L29
 641              		.loc 1 132 30 discriminator 1 view .LVU138
 642 0006 0721     		movs	r1, #7
 643              	.LVL56:
 644              	.L29:
 133:Core/Src/vcnl4040.c ****     VCNL4040_ModifyReg(hi2c, VCNL4040_REG_PS_CONF1_2, 0x000E,
 645              		.loc 1 133 5 is_stmt 1 view .LVU139
 646 0008 4B00     		lsls	r3, r1, #1
 647 000a 0E22     		movs	r2, #14
 648 000c 0321     		movs	r1, #3
 649              	.LVL57:
ARM GAS  C:\Users\24705\AppData\Local\Temp\ccGWONCY.s 			page 15


 650              		.loc 1 133 5 is_stmt 0 view .LVU140
 651 000e FFF7FEFF 		bl	VCNL4040_ModifyReg
 652              	.LVL58:
 134:Core/Src/vcnl4040.c ****                        (uint16_t)(it_code << 1));
 135:Core/Src/vcnl4040.c **** }
 653              		.loc 1 135 1 view .LVU141
 654              		@ sp needed
 655 0012 10BD     		pop	{r4, pc}
 656              		.cfi_endproc
 657              	.LFE50:
 659              		.section	.text.VCNL4040_SetProximityHighResolution,"ax",%progbits
 660              		.align	1
 661              		.global	VCNL4040_SetProximityHighResolution
 662              		.syntax unified
 663              		.code	16
 664              		.thumb_func
 666              	VCNL4040_SetProximityHighResolution:
 667              	.LVL59:
 668              	.LFB51:
 136:Core/Src/vcnl4040.c **** 
 137:Core/Src/vcnl4040.c **** void VCNL4040_SetProximityHighResolution(I2C_HandleTypeDef *hi2c, bool enable)
 138:Core/Src/vcnl4040.c **** {
 669              		.loc 1 138 1 is_stmt 1 view -0
 670              		.cfi_startproc
 671              		@ args = 0, pretend = 0, frame = 0
 672              		@ frame_needed = 0, uses_anonymous_args = 0
 673              		.loc 1 138 1 is_stmt 0 view .LVU143
 674 0000 10B5     		push	{r4, lr}
 675              	.LCFI16:
 676              		.cfi_def_cfa_offset 8
 677              		.cfi_offset 4, -8
 678              		.cfi_offset 14, -4
 139:Core/Src/vcnl4040.c ****     VCNL4040_ModifyReg(hi2c, VCNL4040_REG_PS_CONF1_2, 0x0800,
 679              		.loc 1 139 5 is_stmt 1 view .LVU144
 680 0002 0029     		cmp	r1, #0
 681 0004 07D0     		beq	.L33
 682              		.loc 1 139 5 is_stmt 0 discriminator 1 view .LVU145
 683 0006 8023     		movs	r3, #128
 684 0008 1B01     		lsls	r3, r3, #4
 685              	.L32:
 686              		.loc 1 139 5 discriminator 4 view .LVU146
 687 000a 8022     		movs	r2, #128
 688 000c 1201     		lsls	r2, r2, #4
 689 000e 0321     		movs	r1, #3
 690              	.LVL60:
 691              		.loc 1 139 5 discriminator 4 view .LVU147
 692 0010 FFF7FEFF 		bl	VCNL4040_ModifyReg
 693              	.LVL61:
 140:Core/Src/vcnl4040.c ****                        enable ? 0x0800 : 0x0000);
 141:Core/Src/vcnl4040.c **** }
 694              		.loc 1 141 1 view .LVU148
 695              		@ sp needed
 696 0014 10BD     		pop	{r4, pc}
 697              	.LVL62:
 698              	.L33:
 139:Core/Src/vcnl4040.c ****     VCNL4040_ModifyReg(hi2c, VCNL4040_REG_PS_CONF1_2, 0x0800,
 699              		.loc 1 139 5 discriminator 2 view .LVU149
ARM GAS  C:\Users\24705\AppData\Local\Temp\ccGWONCY.s 			page 16


 700 0016 0023     		movs	r3, #0
 701 0018 F7E7     		b	.L32
 702              		.cfi_endproc
 703              	.LFE51:
 705              		.section	.text.VCNL4040_GetProximity,"ax",%progbits
 706              		.align	1
 707              		.global	VCNL4040_GetProximity
 708              		.syntax unified
 709              		.code	16
 710              		.thumb_func
 712              	VCNL4040_GetProximity:
 713              	.LVL63:
 714              	.LFB52:
 142:Core/Src/vcnl4040.c **** 
 143:Core/Src/vcnl4040.c **** uint16_t VCNL4040_GetProximity(I2C_HandleTypeDef *hi2c)
 144:Core/Src/vcnl4040.c **** {
 715              		.loc 1 144 1 is_stmt 1 view -0
 716              		.cfi_startproc
 717              		@ args = 0, pretend = 0, frame = 8
 718              		@ frame_needed = 0, uses_anonymous_args = 0
 719              		.loc 1 144 1 is_stmt 0 view .LVU151
 720 0000 00B5     		push	{lr}
 721              	.LCFI17:
 722              		.cfi_def_cfa_offset 4
 723              		.cfi_offset 14, -4
 724 0002 83B0     		sub	sp, sp, #12
 725              	.LCFI18:
 726              		.cfi_def_cfa_offset 16
 145:Core/Src/vcnl4040.c ****     uint16_t data = 0xFFFF;
 727              		.loc 1 145 5 is_stmt 1 view .LVU152
 728              		.loc 1 145 14 is_stmt 0 view .LVU153
 729 0004 6B46     		mov	r3, sp
 730 0006 9A1D     		adds	r2, r3, #6
 731 0008 0123     		movs	r3, #1
 732 000a 5B42     		rsbs	r3, r3, #0
 733 000c 1380     		strh	r3, [r2]
 146:Core/Src/vcnl4040.c **** 
 147:Core/Src/vcnl4040.c ****     if (VCNL4040_ReadReg(hi2c, VCNL4040_REG_PS_DATA, &data) != HAL_OK) {
 734              		.loc 1 147 5 is_stmt 1 view .LVU154
 735              		.loc 1 147 9 is_stmt 0 view .LVU155
 736 000e 0821     		movs	r1, #8
 737 0010 FFF7FEFF 		bl	VCNL4040_ReadReg
 738              	.LVL64:
 739              		.loc 1 147 8 discriminator 1 view .LVU156
 740 0014 0028     		cmp	r0, #0
 741 0016 03D1     		bne	.L36
 148:Core/Src/vcnl4040.c ****         return 0xFFFF;
 149:Core/Src/vcnl4040.c ****     }
 150:Core/Src/vcnl4040.c **** 
 151:Core/Src/vcnl4040.c ****     return data;
 742              		.loc 1 151 5 is_stmt 1 view .LVU157
 743              		.loc 1 151 12 is_stmt 0 view .LVU158
 744 0018 6B46     		mov	r3, sp
 745 001a D888     		ldrh	r0, [r3, #6]
 746              	.L35:
 152:Core/Src/vcnl4040.c **** }
 747              		.loc 1 152 1 view .LVU159
ARM GAS  C:\Users\24705\AppData\Local\Temp\ccGWONCY.s 			page 17


 748 001c 03B0     		add	sp, sp, #12
 749              		@ sp needed
 750 001e 00BD     		pop	{pc}
 751              	.L36:
 148:Core/Src/vcnl4040.c ****         return 0xFFFF;
 752              		.loc 1 148 16 view .LVU160
 753 0020 0048     		ldr	r0, .L37
 754 0022 FBE7     		b	.L35
 755              	.L38:
 756              		.align	2
 757              	.L37:
 758 0024 FFFF0000 		.word	65535
 759              		.cfi_endproc
 760              	.LFE52:
 762              		.section	.text.VCNL4040_SetProximityLowThreshold,"ax",%progbits
 763              		.align	1
 764              		.global	VCNL4040_SetProximityLowThreshold
 765              		.syntax unified
 766              		.code	16
 767              		.thumb_func
 769              	VCNL4040_SetProximityLowThreshold:
 770              	.LVL65:
 771              	.LFB53:
 153:Core/Src/vcnl4040.c **** 
 154:Core/Src/vcnl4040.c **** void VCNL4040_SetProximityLowThreshold(I2C_HandleTypeDef *hi2c,
 155:Core/Src/vcnl4040.c ****                                        uint16_t threshold)
 156:Core/Src/vcnl4040.c **** {
 772              		.loc 1 156 1 is_stmt 1 view -0
 773              		.cfi_startproc
 774              		@ args = 0, pretend = 0, frame = 0
 775              		@ frame_needed = 0, uses_anonymous_args = 0
 776              		.loc 1 156 1 is_stmt 0 view .LVU162
 777 0000 10B5     		push	{r4, lr}
 778              	.LCFI19:
 779              		.cfi_def_cfa_offset 8
 780              		.cfi_offset 4, -8
 781              		.cfi_offset 14, -4
 782 0002 0A00     		movs	r2, r1
 157:Core/Src/vcnl4040.c ****     VCNL4040_WriteReg(hi2c, VCNL4040_REG_PS_THDL, threshold);
 783              		.loc 1 157 5 is_stmt 1 view .LVU163
 784 0004 0621     		movs	r1, #6
 785              	.LVL66:
 786              		.loc 1 157 5 is_stmt 0 view .LVU164
 787 0006 FFF7FEFF 		bl	VCNL4040_WriteReg
 788              	.LVL67:
 158:Core/Src/vcnl4040.c **** }
 789              		.loc 1 158 1 view .LVU165
 790              		@ sp needed
 791 000a 10BD     		pop	{r4, pc}
 792              		.cfi_endproc
 793              	.LFE53:
 795              		.section	.text.VCNL4040_SetProximityHighThreshold,"ax",%progbits
 796              		.align	1
 797              		.global	VCNL4040_SetProximityHighThreshold
 798              		.syntax unified
 799              		.code	16
 800              		.thumb_func
ARM GAS  C:\Users\24705\AppData\Local\Temp\ccGWONCY.s 			page 18


 802              	VCNL4040_SetProximityHighThreshold:
 803              	.LVL68:
 804              	.LFB54:
 159:Core/Src/vcnl4040.c **** 
 160:Core/Src/vcnl4040.c **** void VCNL4040_SetProximityHighThreshold(I2C_HandleTypeDef *hi2c,
 161:Core/Src/vcnl4040.c ****                                         uint16_t threshold)
 162:Core/Src/vcnl4040.c **** {
 805              		.loc 1 162 1 is_stmt 1 view -0
 806              		.cfi_startproc
 807              		@ args = 0, pretend = 0, frame = 0
 808              		@ frame_needed = 0, uses_anonymous_args = 0
 809              		.loc 1 162 1 is_stmt 0 view .LVU167
 810 0000 10B5     		push	{r4, lr}
 811              	.LCFI20:
 812              		.cfi_def_cfa_offset 8
 813              		.cfi_offset 4, -8
 814              		.cfi_offset 14, -4
 815 0002 0A00     		movs	r2, r1
 163:Core/Src/vcnl4040.c ****     VCNL4040_WriteReg(hi2c, VCNL4040_REG_PS_THDH, threshold);
 816              		.loc 1 163 5 is_stmt 1 view .LVU168
 817 0004 0721     		movs	r1, #7
 818              	.LVL69:
 819              		.loc 1 163 5 is_stmt 0 view .LVU169
 820 0006 FFF7FEFF 		bl	VCNL4040_WriteReg
 821              	.LVL70:
 164:Core/Src/vcnl4040.c **** }
 822              		.loc 1 164 1 view .LVU170
 823              		@ sp needed
 824 000a 10BD     		pop	{r4, pc}
 825              		.cfi_endproc
 826              	.LFE54:
 828              		.section	.text.VCNL4040_EnableProximityInterrupt,"ax",%progbits
 829              		.align	1
 830              		.global	VCNL4040_EnableProximityInterrupt
 831              		.syntax unified
 832              		.code	16
 833              		.thumb_func
 835              	VCNL4040_EnableProximityInterrupt:
 836              	.LVL71:
 837              	.LFB55:
 165:Core/Src/vcnl4040.c **** 
 166:Core/Src/vcnl4040.c **** void VCNL4040_EnableProximityInterrupt(I2C_HandleTypeDef *hi2c, uint8_t mode)
 167:Core/Src/vcnl4040.c **** {
 838              		.loc 1 167 1 is_stmt 1 view -0
 839              		.cfi_startproc
 840              		@ args = 0, pretend = 0, frame = 0
 841              		@ frame_needed = 0, uses_anonymous_args = 0
 842              		.loc 1 167 1 is_stmt 0 view .LVU172
 843 0000 10B5     		push	{r4, lr}
 844              	.LCFI21:
 845              		.cfi_def_cfa_offset 8
 846              		.cfi_offset 4, -8
 847              		.cfi_offset 14, -4
 168:Core/Src/vcnl4040.c ****     if (mode > 3) mode = VCNL4040_PS_INT_DISABLE;
 848              		.loc 1 168 5 is_stmt 1 view .LVU173
 849              		.loc 1 168 8 is_stmt 0 view .LVU174
 850 0002 0329     		cmp	r1, #3
ARM GAS  C:\Users\24705\AppData\Local\Temp\ccGWONCY.s 			page 19


 851 0004 00D9     		bls	.L42
 852              		.loc 1 168 24 discriminator 1 view .LVU175
 853 0006 0021     		movs	r1, #0
 854              	.LVL72:
 855              	.L42:
 169:Core/Src/vcnl4040.c ****     VCNL4040_ModifyReg(hi2c, VCNL4040_REG_PS_CONF1_2, 0x0300,
 856              		.loc 1 169 5 is_stmt 1 view .LVU176
 857 0008 0B02     		lsls	r3, r1, #8
 858 000a C022     		movs	r2, #192
 859 000c 9200     		lsls	r2, r2, #2
 860 000e 0321     		movs	r1, #3
 861              	.LVL73:
 862              		.loc 1 169 5 is_stmt 0 view .LVU177
 863 0010 FFF7FEFF 		bl	VCNL4040_ModifyReg
 864              	.LVL74:
 170:Core/Src/vcnl4040.c ****                        (uint16_t)(mode << 8));
 171:Core/Src/vcnl4040.c **** }
 865              		.loc 1 171 1 view .LVU178
 866              		@ sp needed
 867 0014 10BD     		pop	{r4, pc}
 868              		.cfi_endproc
 869              	.LFE55:
 871              		.section	.text.VCNL4040_GetInterruptStatus,"ax",%progbits
 872              		.align	1
 873              		.global	VCNL4040_GetInterruptStatus
 874              		.syntax unified
 875              		.code	16
 876              		.thumb_func
 878              	VCNL4040_GetInterruptStatus:
 879              	.LVL75:
 880              	.LFB56:
 172:Core/Src/vcnl4040.c **** 
 173:Core/Src/vcnl4040.c **** uint8_t VCNL4040_GetInterruptStatus(I2C_HandleTypeDef *hi2c)
 174:Core/Src/vcnl4040.c **** {
 881              		.loc 1 174 1 is_stmt 1 view -0
 882              		.cfi_startproc
 883              		@ args = 0, pretend = 0, frame = 8
 884              		@ frame_needed = 0, uses_anonymous_args = 0
 885              		.loc 1 174 1 is_stmt 0 view .LVU180
 886 0000 00B5     		push	{lr}
 887              	.LCFI22:
 888              		.cfi_def_cfa_offset 4
 889              		.cfi_offset 14, -4
 890 0002 83B0     		sub	sp, sp, #12
 891              	.LCFI23:
 892              		.cfi_def_cfa_offset 16
 175:Core/Src/vcnl4040.c ****     uint16_t int_flag = 0;
 893              		.loc 1 175 5 is_stmt 1 view .LVU181
 894              		.loc 1 175 14 is_stmt 0 view .LVU182
 895 0004 6B46     		mov	r3, sp
 896 0006 9A1D     		adds	r2, r3, #6
 897 0008 0023     		movs	r3, #0
 898 000a 1380     		strh	r3, [r2]
 176:Core/Src/vcnl4040.c **** 
 177:Core/Src/vcnl4040.c ****     if (VCNL4040_ReadReg(hi2c, VCNL4040_REG_INT_FLAG, &int_flag) != HAL_OK) {
 899              		.loc 1 177 5 is_stmt 1 view .LVU183
 900              		.loc 1 177 9 is_stmt 0 view .LVU184
ARM GAS  C:\Users\24705\AppData\Local\Temp\ccGWONCY.s 			page 20


 901 000c 0B21     		movs	r1, #11
 902 000e FFF7FEFF 		bl	VCNL4040_ReadReg
 903              	.LVL76:
 904              		.loc 1 177 8 discriminator 1 view .LVU185
 905 0012 0028     		cmp	r0, #0
 906 0014 03D1     		bne	.L46
 178:Core/Src/vcnl4040.c ****         return 0;
 179:Core/Src/vcnl4040.c ****     }
 180:Core/Src/vcnl4040.c **** 
 181:Core/Src/vcnl4040.c ****     return (uint8_t)(int_flag & 0xFF);
 907              		.loc 1 181 5 is_stmt 1 view .LVU186
 908              		.loc 1 181 12 is_stmt 0 view .LVU187
 909 0016 6B46     		mov	r3, sp
 910 0018 9879     		ldrb	r0, [r3, #6]
 911              	.L45:
 182:Core/Src/vcnl4040.c **** }
 912              		.loc 1 182 1 view .LVU188
 913 001a 03B0     		add	sp, sp, #12
 914              		@ sp needed
 915 001c 00BD     		pop	{pc}
 916              	.L46:
 178:Core/Src/vcnl4040.c ****         return 0;
 917              		.loc 1 178 16 view .LVU189
 918 001e 0020     		movs	r0, #0
 919 0020 FBE7     		b	.L45
 920              		.cfi_endproc
 921              	.LFE56:
 923              		.text
 924              	.Letext0:
 925              		.file 2 "E:\\STM32CubeCLT_1.21.0\\GNU-tools-for-STM32\\bin/../lib/gcc/arm-none-eabi/14.3.1/../../.
 926              		.file 3 "E:\\STM32CubeCLT_1.21.0\\GNU-tools-for-STM32\\bin/../lib/gcc/arm-none-eabi/14.3.1/../../.
 927              		.file 4 "Drivers/CMSIS/Device/ST/STM32F0xx/Include/stm32f072xb.h"
 928              		.file 5 "Drivers/STM32F0xx_HAL_Driver/Inc/stm32f0xx_hal_def.h"
 929              		.file 6 "Drivers/STM32F0xx_HAL_Driver/Inc/stm32f0xx_hal_dma.h"
 930              		.file 7 "Drivers/STM32F0xx_HAL_Driver/Inc/stm32f0xx_hal_i2c.h"
ARM GAS  C:\Users\24705\AppData\Local\Temp\ccGWONCY.s 			page 21


DEFINED SYMBOLS
                            *ABS*:00000000 vcnl4040.c
C:\Users\24705\AppData\Local\Temp\ccGWONCY.s:19     .text.VCNL4040_ReadReg:00000000 $t
C:\Users\24705\AppData\Local\Temp\ccGWONCY.s:24     .text.VCNL4040_ReadReg:00000000 VCNL4040_ReadReg
C:\Users\24705\AppData\Local\Temp\ccGWONCY.s:90     .text.VCNL4040_WriteReg:00000000 $t
C:\Users\24705\AppData\Local\Temp\ccGWONCY.s:95     .text.VCNL4040_WriteReg:00000000 VCNL4040_WriteReg
C:\Users\24705\AppData\Local\Temp\ccGWONCY.s:143    .text.VCNL4040_ModifyReg:00000000 $t
C:\Users\24705\AppData\Local\Temp\ccGWONCY.s:148    .text.VCNL4040_ModifyReg:00000000 VCNL4040_ModifyReg
C:\Users\24705\AppData\Local\Temp\ccGWONCY.s:225    .text.VCNL4040_Init:00000000 $t
C:\Users\24705\AppData\Local\Temp\ccGWONCY.s:231    .text.VCNL4040_Init:00000000 VCNL4040_Init
C:\Users\24705\AppData\Local\Temp\ccGWONCY.s:349    .text.VCNL4040_Init:00000068 $d
C:\Users\24705\AppData\Local\Temp\ccGWONCY.s:354    .text.VCNL4040_CheckDevice:00000000 $t
C:\Users\24705\AppData\Local\Temp\ccGWONCY.s:360    .text.VCNL4040_CheckDevice:00000000 VCNL4040_CheckDevice
C:\Users\24705\AppData\Local\Temp\ccGWONCY.s:411    .text.VCNL4040_EnableProximity:00000000 $t
C:\Users\24705\AppData\Local\Temp\ccGWONCY.s:417    .text.VCNL4040_EnableProximity:00000000 VCNL4040_EnableProximity
C:\Users\24705\AppData\Local\Temp\ccGWONCY.s:449    .text.VCNL4040_EnableAmbientLight:00000000 $t
C:\Users\24705\AppData\Local\Temp\ccGWONCY.s:455    .text.VCNL4040_EnableAmbientLight:00000000 VCNL4040_EnableAmbientLight
C:\Users\24705\AppData\Local\Temp\ccGWONCY.s:487    .text.VCNL4040_EnableWhiteLight:00000000 $t
C:\Users\24705\AppData\Local\Temp\ccGWONCY.s:493    .text.VCNL4040_EnableWhiteLight:00000000 VCNL4040_EnableWhiteLight
C:\Users\24705\AppData\Local\Temp\ccGWONCY.s:533    .text.VCNL4040_SetLEDCurrent:00000000 $t
C:\Users\24705\AppData\Local\Temp\ccGWONCY.s:539    .text.VCNL4040_SetLEDCurrent:00000000 VCNL4040_SetLEDCurrent
C:\Users\24705\AppData\Local\Temp\ccGWONCY.s:576    .text.VCNL4040_SetLEDDutyCycle:00000000 $t
C:\Users\24705\AppData\Local\Temp\ccGWONCY.s:582    .text.VCNL4040_SetLEDDutyCycle:00000000 VCNL4040_SetLEDDutyCycle
C:\Users\24705\AppData\Local\Temp\ccGWONCY.s:618    .text.VCNL4040_SetProximityIntegrationTime:00000000 $t
C:\Users\24705\AppData\Local\Temp\ccGWONCY.s:624    .text.VCNL4040_SetProximityIntegrationTime:00000000 VCNL4040_SetProximityIntegrationTime
C:\Users\24705\AppData\Local\Temp\ccGWONCY.s:660    .text.VCNL4040_SetProximityHighResolution:00000000 $t
C:\Users\24705\AppData\Local\Temp\ccGWONCY.s:666    .text.VCNL4040_SetProximityHighResolution:00000000 VCNL4040_SetProximityHighResolution
C:\Users\24705\AppData\Local\Temp\ccGWONCY.s:706    .text.VCNL4040_GetProximity:00000000 $t
C:\Users\24705\AppData\Local\Temp\ccGWONCY.s:712    .text.VCNL4040_GetProximity:00000000 VCNL4040_GetProximity
C:\Users\24705\AppData\Local\Temp\ccGWONCY.s:758    .text.VCNL4040_GetProximity:00000024 $d
C:\Users\24705\AppData\Local\Temp\ccGWONCY.s:763    .text.VCNL4040_SetProximityLowThreshold:00000000 $t
C:\Users\24705\AppData\Local\Temp\ccGWONCY.s:769    .text.VCNL4040_SetProximityLowThreshold:00000000 VCNL4040_SetProximityLowThreshold
C:\Users\24705\AppData\Local\Temp\ccGWONCY.s:796    .text.VCNL4040_SetProximityHighThreshold:00000000 $t
C:\Users\24705\AppData\Local\Temp\ccGWONCY.s:802    .text.VCNL4040_SetProximityHighThreshold:00000000 VCNL4040_SetProximityHighThreshold
C:\Users\24705\AppData\Local\Temp\ccGWONCY.s:829    .text.VCNL4040_EnableProximityInterrupt:00000000 $t
C:\Users\24705\AppData\Local\Temp\ccGWONCY.s:835    .text.VCNL4040_EnableProximityInterrupt:00000000 VCNL4040_EnableProximityInterrupt
C:\Users\24705\AppData\Local\Temp\ccGWONCY.s:872    .text.VCNL4040_GetInterruptStatus:00000000 $t
C:\Users\24705\AppData\Local\Temp\ccGWONCY.s:878    .text.VCNL4040_GetInterruptStatus:00000000 VCNL4040_GetInterruptStatus

UNDEFINED SYMBOLS
HAL_I2C_Mem_Read
HAL_I2C_Mem_Write
HAL_I2C_IsDeviceReady
